Microchip MPLAB XC8 Compiler V2.40

Linker command line:

-W-3 \
  --edf=C:\Program Files\Microchip\xc8\v2.40\pic\dat\20220703182018_en.msgs \
  -cn -h+dist/default/production\P3_CON_I2C.X.production.sym \
  --cmf=dist/default/production\P3_CON_I2C.X.production.cmf -z -Q18F46K42 \
  -oC:\Users\AULASI~1\AppData\Local\Temp\xcAs7gk.4 --defsym=__MPLAB_BUILD=1 \
  --fixupoverflow=error \
  -Mdist/default/production/P3_CON_I2C.X.production.map \
  --md=C:\Users\AULASI~1\AppData\Local\Temp\xcAs7gk.dat -E1 \
  -ver=XC8 Compiler --acfsm=1493 -ACODE=00h-0FFFFh -ACONST=00h-0FFFFh \
  -ASMALLCONST=01000h-010FFhx240 -AMEDIUMCONST=01000h-0FFFFh \
  -ACOMRAM=01h-05Fh -AABS1=00h-0FFFh -ABIGRAM=01h-0FFFh \
  -ARAM=060h-0FFh,0100h-01FFhx15 -ABANK0=060h-0FFh -ABANK1=0100h-01FFh \
  -ABANK2=0200h-02FFh -ABANK3=0300h-03FFh -ABANK4=0400h-04FFh \
  -ABANK5=0500h-05FFh -ABANK6=0600h-06FFh -ABANK7=0700h-07FFh \
  -ABANK8=0800h-08FFh -ABANK9=0900h-09FFh -ABANK10=0A00h-0AFFh \
  -ABANK11=0B00h-0BFFh -ABANK12=0C00h-0CFFh -ABANK13=0D00h-0DFFh \
  -ABANK14=0E00h-0EFFh -ABANK15=0F00h-0FFFh \
  -ASFR=03800h-038FFhx7,03F00h-03F5Fh,03F60h-03FFFh -ABIGSFR=03800h-03FFFh \
  -ACONFIG=0300000h-0300009h -AIDLOC=0200000h-020000Fh \
  -AEEDATA=0310000h-03103FFh -peeprom_data=EEDATA -preset_vec=00h \
  -ppowerup=CODE,init -pramtop=01000h -psmallconst=SMALLCONST \
  -pmediumconst=MEDIUMCONST -pconst=CONST -AFARRAM=00h-00h \
  -prdata=COMRAM,nvrram=COMRAM,nvbit=COMRAM,rbss=COMRAM,rbit=COMRAM \
  -pfarbss=FARRAM,fardata=FARRAM,nvFARRAM=FARRAM \
  -pintsave_regs=BIGRAM,bigbss=BIGRAM,bigdata=BIGRAM -pbss=RAM \
  -pidata=CODE,irdata=CODE,ibigdata=CODE,ifardata=CODE -prparam=COMRAM \
  C:\Users\AULASI~1\AppData\Local\Temp\xcAs7gk.o \
  dist/default/production\P3_CON_I2C.X.production.o 

Object code version is 3.11

Machine type is 18F46K42



                Name                               Link     Load   Length Selector   Space Scale
C:\Users\AULASI~1\AppData\Local\Temp\xcAs7gk.o
                idloc                            200000   200000       10        0       5
                config                           300000   300000        A        0       4
                init                               FFFC     FFFC        4     7FFE       0
                reset_vec                             0        0        4        0       0
dist/default/production\P3_CON_I2C.X.production.o
                idloc                            200000   200000       10        0       5
                config                           300000   300000        A        0       4
                smallconst                         1000     1000       D2      800       0
                text92                             26EA     26EA      106      869       0
                text91                             34A4     34A4       22      869       0
                text90                             3566     3566       18      869       0
                text89                             2956     2956       A8      869       0
                text88                             3480     3480       24      869       0
                text87                             36DC     36DC        A     1B2B       0
                text86                             36D2     36D2        A     1B2B       0
                text85                             36C8     36C8        A     1B2B       0
                text84                             2EB6     2EB6       68      869       0
                text83                             362E     362E       16      869       0
                text82                             3766     3766        2     1B2B       0
                text81                             3764     3764        2     1B2B       0
                text80                             3762     3762        2     1B2B       0
                text79                             2B3E     2B3E       98      869       0
                text78                             351C     351C       1A      869       0
                text77                             3618     3618       16      869       0
                text76                             3156     3156       42      869       0
                text75                             28A8     28A8       AE      869       0
                text74                             3198     3198       40      869       0
                text73                             27F0     27F0       B8      869       0
                text72                             370E     370E        8     1B2B       0
                text71                             369E     369E        C     1B2B       0
                text70                             34E4     34E4       1E      869       0
                text69                             3408     3408       2C      869       0
                text68                             374C     374C        6     1B2B       0
                text67                             3746     3746        6     1B2B       0
                text66                             3740     3740        6     1B2B       0
                text65                             3602     3602       16      869       0
                text64                             35EC     35EC       16      869       0
                text63                             35D6     35D6       16      869       0
                text62                             3026     3026       52      869       0
                text61                             345C     345C       24      869       0
                text60                             2C66     2C66       82      869       0
                text59                             354E     354E       18      869       0
                text58                             33DC     33DC       2C      869       0
                text57                             33B0     33B0       2C      869       0
                text56                             3384     3384       2C      869       0
                text55                             3358     3358       2C      869       0
                text54                             332C     332C       2C      869       0
                text53                             30C4     30C4       4C      869       0
                text52                             3300     3300       2C      869       0
                text51                             32D4     32D4       2C      869       0
                text50                             32A8     32A8       2C      869       0
                text49                             3078     3078       4C      869       0
                text48                             375E     375E        4     1B2B       0
                text47                             375A     375A        4     1B2B       0
                text46                             36BE     36BE        A     1B2B       0
                text45                             373A     373A        6     1B2B       0
                text44                             3734     3734        6     1B2B       0
                text43                             36B4     36B4        A     1B2B       0
                text42                             36AA     36AA        A     1B2B       0
                text41                             372E     372E        6     1B2B       0
                text40                             35C0     35C0       16      869       0
                text39                             3728     3728        6     1B2B       0
                text38                             3722     3722        6     1B2B       0
                text37                             371C     371C        6     1B2B       0
                text36                             3716     3716        6     1B2B       0
                text35                             35AA     35AA       16      869       0
                text34                             3594     3594       16      869       0
                text33                             3706     3706        8     1B2B       0
                text32                             3692     3692        C     1B2B       0
                text31                             327A     327A       2E      869       0
                text30                             357E     357E       16      869       0
                text29                             25C8     25C8      122      869       0
                text28                             2AA0     2AA0       9E      869       0
                text27                             2CE8     2CE8       7C      869       0
                text26                             29FE     29FE       A2      869       0
                text25                             3684     3684        E     1B2B       0
                text24                             3756     3756        4     1B2B       0
                text23                             3752     3752        4     1B2B       0
                text22                             3434     3434       28      869       0
                text21                             36FE     36FE        8     1B2B       0
                text20                             3676     3676        E     1B2B       0
                text19                             36F6     36F6        8     1B2B       0
                text18                             3666     3666       10     1B2B       0
                text17                             2E4E     2E4E       68      869       0
                text16                             2DDE     2DDE       70      869       0
                text15                             3656     3656       10     1B2B       0
                text14                             2D64     2D64       7A      869       0
                text13                             2F1E     2F1E       5C      869       0
                text12                             34C6     34C6       1E      869       0
                text11                             2FD4     2FD4       52      869       0
                text10                             36EE     36EE        8     1B2B       0
                text9                              324C     324C       2E      869       0
                text8                              2BD6     2BD6       90      869       0
                text7                              3110     3110       46      869       0
                text6                              36E6     36E6        8     1B2B       0
                text5                              3536     3536       18      869       0
                text4                              2F7A     2F7A       5A      869       0
                text3                              31D8     31D8       3E      869       0
                text2                              10D2     10D2     11DC      869       0
                text1                              3502     3502       1A      869       0
                text0                              22AE     22AE      31A      869       0
                cstackCOMRAM                          1        1       59        1       1
                cstackBANK0                          84       84       23       60       1
                cstackBANK1                         100      100       FF      100       1
                dataBANK0                            A7       A7       11       60       1
                bssBANK0                             60       60       24       60       1
                bssCOMRAM                            5E       5E        1        1       1
                cinit                              3216     3216       36      869       0
                nvBANK0                              B8       B8        2       60       1
                nvCOMRAM                             5A       5A        4        1       1
                idataBANK0                         3644     3644       11      869       0

TOTAL           Name                               Link     Load   Length     Space
        CLASS   CODE           
                init                               FFFC     FFFC        4         0
                reset_vec                             0        0        4         0
                text92                             26EA     26EA      106         0
                text91                             34A4     34A4       22         0
                text90                             3566     3566       18         0
                text89                             2956     2956       A8         0
                text88                             3480     3480       24         0
                text87                             36DC     36DC        A         0
                text86                             36D2     36D2        A         0
                text85                             36C8     36C8        A         0
                text84                             2EB6     2EB6       68         0
                text83                             362E     362E       16         0
                text82                             3766     3766        2         0
                text81                             3764     3764        2         0
                text80                             3762     3762        2         0
                text79                             2B3E     2B3E       98         0
                text78                             351C     351C       1A         0
                text77                             3618     3618       16         0
                text76                             3156     3156       42         0
                text75                             28A8     28A8       AE         0
                text74                             3198     3198       40         0
                text73                             27F0     27F0       B8         0
                text72                             370E     370E        8         0
                text71                             369E     369E        C         0
                text70                             34E4     34E4       1E         0
                text69                             3408     3408       2C         0
                text68                             374C     374C        6         0
                text67                             3746     3746        6         0
                text66                             3740     3740        6         0
                text65                             3602     3602       16         0
                text64                             35EC     35EC       16         0
                text63                             35D6     35D6       16         0
                text62                             3026     3026       52         0
                text61                             345C     345C       24         0
                text60                             2C66     2C66       82         0
                text59                             354E     354E       18         0
                text58                             33DC     33DC       2C         0
                text57                             33B0     33B0       2C         0
                text56                             3384     3384       2C         0
                text55                             3358     3358       2C         0
                text54                             332C     332C       2C         0
                text53                             30C4     30C4       4C         0
                text52                             3300     3300       2C         0
                text51                             32D4     32D4       2C         0
                text50                             32A8     32A8       2C         0
                text49                             3078     3078       4C         0
                text48                             375E     375E        4         0
                text47                             375A     375A        4         0
                text46                             36BE     36BE        A         0
                text45                             373A     373A        6         0
                text44                             3734     3734        6         0
                text43                             36B4     36B4        A         0
                text42                             36AA     36AA        A         0
                text41                             372E     372E        6         0
                text40                             35C0     35C0       16         0
                text39                             3728     3728        6         0
                text38                             3722     3722        6         0
                text37                             371C     371C        6         0
                text36                             3716     3716        6         0
                text35                             35AA     35AA       16         0
                text34                             3594     3594       16         0
                text33                             3706     3706        8         0
                text32                             3692     3692        C         0
                text31                             327A     327A       2E         0
                text30                             357E     357E       16         0
                text29                             25C8     25C8      122         0
                text28                             2AA0     2AA0       9E         0
                text27                             2CE8     2CE8       7C         0
                text26                             29FE     29FE       A2         0
                text25                             3684     3684        E         0
                text24                             3756     3756        4         0
                text23                             3752     3752        4         0
                text22                             3434     3434       28         0
                text21                             36FE     36FE        8         0
                text20                             3676     3676        E         0
                text19                             36F6     36F6        8         0
                text18                             3666     3666       10         0
                text17                             2E4E     2E4E       68         0
                text16                             2DDE     2DDE       70         0
                text15                             3656     3656       10         0
                text14                             2D64     2D64       7A         0
                text13                             2F1E     2F1E       5C         0
                text12                             34C6     34C6       1E         0
                text11                             2FD4     2FD4       52         0
                text10                             36EE     36EE        8         0
                text9                              324C     324C       2E         0
                text8                              2BD6     2BD6       90         0
                text7                              3110     3110       46         0
                text6                              36E6     36E6        8         0
                text5                              3536     3536       18         0
                text4                              2F7A     2F7A       5A         0
                text3                              31D8     31D8       3E         0
                text2                              10D2     10D2     11DC         0
                text1                              3502     3502       1A         0
                text0                              22AE     22AE      31A         0
                cinit                              3216     3216       36         0
                idataBANK0                         3644     3644       11         0

        CLASS   CONST          

        CLASS   SMALLCONST     
                smallconst                         1000     1000       D2         0

        CLASS   MEDIUMCONST    

        CLASS   COMRAM         
                cstackCOMRAM                          1        1       59         1
                bssCOMRAM                            5E       5E        1         1
                nvCOMRAM                             5A       5A        4         1

        CLASS   ABS1           

        CLASS   BIGRAM         

        CLASS   RAM            

        CLASS   BANK0          
                cstackBANK0                          84       84       23         1
                dataBANK0                            A7       A7       11         1
                bssBANK0                             60       60       24         1
                nvBANK0                              B8       B8        2         1

        CLASS   BANK1          
                cstackBANK1                         100      100       FF         1

        CLASS   BANK2          

        CLASS   BANK3          

        CLASS   BANK4          

        CLASS   BANK5          

        CLASS   BANK6          

        CLASS   BANK7          

        CLASS   BANK8          

        CLASS   BANK9          

        CLASS   BANK10         

        CLASS   BANK11         

        CLASS   BANK12         

        CLASS   BANK13         

        CLASS   BANK14         

        CLASS   BANK15         

        CLASS   SFR            

        CLASS   BIGSFR         

        CLASS   CONFIG         
                config                           300000   300000        A         4

        CLASS   IDLOC          
                idloc                            200000   200000       10         5

        CLASS   EEDATA         

        CLASS   FARRAM         

        CLASS   HEAP           

        CLASS   STACK          



SEGMENTS        Name                           Load    Length   Top    Selector   Space  Class

                reset_vec                      000000  000004  000004         0       0  CODE    
                cstackCOMRAM                   000001  00005E  00005F         1       1  COMRAM  
                bssBANK0                       000060  00005A  0000BA        60       1  BANK0   
                cstackBANK1                    000100  0000FF  0001FF       100       1  BANK1   
                smallconst                     001000  0000D2  0010D2       800       0  SMALLCON
                text2                          0010D2  002583  003655       869       0  CODE    
                text15                         003656  000112  003768      1B2B       0  CODE    
                init                           00FFFC  000004  010000      7FFE       0  CODE    


UNUSED ADDRESS RANGES

        Name                Unused          Largest block    Delta
        BANK0            0000BA-0000FF               46
        BANK1            0001FF-0001FF                1
        BANK10           000A00-000AFF              100
        BANK11           000B00-000BFF              100
        BANK12           000C00-000CFF              100
        BANK13           000D00-000DFF              100
        BANK14           000E00-000EFF              100
        BANK15           000F00-000FFF              100
        BANK2            000200-0002FF              100
        BANK3            000300-0003FF              100
        BANK4            000400-0004FF              100
        BANK5            000500-0005FF              100
        BANK6            000600-0006FF              100
        BANK7            000700-0007FF              100
        BANK8            000800-0008FF              100
        BANK9            000900-0009FF              100
        BIGRAM           00005F-00005F                1
                         0000BA-0000FF               46
                         0001FF-000FFF              E01
        BIGSFR           003800-003FFF              800
        CODE             000004-000FFF              FFC
                         003655-003655                1
                         003768-00FFFB             C894
        COMRAM           00005F-00005F                1
        CONST            000004-000FFF              FFC
                         003655-003655                1
                         003768-00FFFB             C894
        EEDATA           310000-3103FF              400
        MEDIUMCONST      003655-003655                1
                         003768-00FFFB             C894
        RAM              0000BA-0000FF               46
                         0001FF-000FFF              100
        SFR              003800-003FFF              100
        SMALLCONST       003655-003655                1
                         003768-00FFFB              100

                                  Symbol Table

?_cola_llena                                              cstackCOMRAM 000001
?_cola_vacia                                              cstackCOMRAM 000001
?_tam_cola                                                cstackCOMRAM 000001
I2C1_CallbackReturnReset@funPtr                           cstackCOMRAM 00000A
I2C1_Close@returnValue                                    cstackCOMRAM 000001
I2C1_DO_RX@retFsmState                                    cstackCOMRAM 000010
I2C1_DO_TX@dataTx                                         cstackCOMRAM 000010
I2C1_DO_TX@retFsmState                                    cstackCOMRAM 000011
I2C1_MasterOperation@read                                 cstackCOMRAM 000014
I2C1_MasterOperation@returnValue                          cstackCOMRAM 000015
I2C1_MasterSendTxData@data                                cstackCOMRAM 000001
I2C1_MasterSetCounter@counter                             cstackCOMRAM 000001
I2C1_Open@address                                         cstackCOMRAM 000001
I2C1_Open@returnValue                                     cstackCOMRAM 000002
I2C1_SetAddressNackCallback@cb                            cstackCOMRAM 000006
I2C1_SetAddressNackCallback@ptr                           cstackCOMRAM 000008
I2C1_SetBuffer@buffer                                     cstackCOMRAM 000001
I2C1_SetBuffer@bufferSize                                 cstackCOMRAM 000003
I2C1_SetCallback@cb                                       cstackCOMRAM 000001
I2C1_SetCallback@idx                                      cstackCOMRAM 000005
I2C1_SetCallback@ptr                                      cstackCOMRAM 000003
I2C1_SetDataCompleteCallback@cb                           cstackCOMRAM 000006
I2C1_SetDataCompleteCallback@ptr                          cstackCOMRAM 000008
I2CSIMPLE_example@F16297                                  dataBANK0    0000A7
Iniciarlizar@est                                          cstackCOMRAM 000001
Iniciarlizar@i                                            cstackCOMRAM 000005
Iniciarlizar@j                                            cstackCOMRAM 000007
UART1_SetErrorHandler@interruptHandler                    cstackCOMRAM 000001
UART1_SetFramingErrorHandler@interruptHandler             cstackCOMRAM 000001
UART1_SetOverrunErrorHandler@interruptHandler             cstackCOMRAM 000001
UART1_Write@txData                                        cstackCOMRAM 000001
_ANSELA                                                   (abs)        003A40
_ANSELB                                                   (abs)        003A50
_ANSELC                                                   (abs)        003A60
_ANSELD                                                   (abs)        003A70
_ANSELE                                                   (abs)        003A80
_I2C1CLK                                                  (abs)        003D7B
_I2C1CNT                                                  (abs)        003D6C
_I2C1CON0                                                 (abs)        003D73
_I2C1CON0bits                                             (abs)        003D73
_I2C1CON1                                                 (abs)        003D74
_I2C1CON1bits                                             (abs)        003D74
_I2C1CON2                                                 (abs)        003D75
_I2C1ERR                                                  (abs)        003D76
_I2C1ERRbits                                              (abs)        003D76
_I2C1PIE                                                  (abs)        003D7A
_I2C1PIEbits                                              (abs)        003D7A
_I2C1PIR                                                  (abs)        003D79
_I2C1PIRbits                                              (abs)        003D79
_I2C1RXB                                                  (abs)        003D6A
_I2C1SCLPPS                                               (abs)        003AE1
_I2C1SDAPPS                                               (abs)        003AE2
_I2C1STAT1bits                                            (abs)        003D78
_I2C1TXB                                                  (abs)        003D6B
_I2C1_CallbackReturnReset                                 text47       00375A
_I2C1_CallbackReturnStop                                  text48       00375E
_I2C1_ClearInterruptFlags                                 text62       003026
_I2C1_Close                                               text69       003408
_I2C1_DO_ADDRESS_NACK                                     text17       002E4E
_I2C1_DO_BUS_COLLISION                                    text16       002DDE
_I2C1_DO_BUS_ERROR                                        text15       003656
_I2C1_DO_IDLE                                             text32       003692
_I2C1_DO_RESET                                            text18       003666
_I2C1_DO_RX                                               text28       002AA0
_I2C1_DO_RX_ACK                                           text21       0036FE
_I2C1_DO_RX_EMPTY                                         text26       0029FE
_I2C1_DO_RX_NACK_RESTART                                  text19       0036F6
_I2C1_DO_RX_NACK_STOP                                     text20       003676
_I2C1_DO_SEND_ADR_READ                                    text31       00327A
_I2C1_DO_SEND_ADR_WRITE                                   text30       00357E
_I2C1_DO_SEND_RESTART                                     text23       003752
_I2C1_DO_SEND_RESTART_READ                                text25       003684
_I2C1_DO_SEND_RESTART_WRITE                               text24       003756
_I2C1_DO_SEND_STOP                                        text22       003434
_I2C1_DO_TX                                               text29       0025C8
_I2C1_DO_TX$1176                                          cstackCOMRAM 00000E
_I2C1_DO_TX_ACK                                           text33       003706
_I2C1_DO_TX_EMPTY                                         text27       002CE8
_I2C1_Initialize                                          text91       0034A4
_I2C1_MasterClearCountFlag                                text68       00374C
_I2C1_MasterClearIrq                                      text72       00370E
_I2C1_MasterClearNackFlag                                 text67       003746
_I2C1_MasterClearStopFlag                                 text66       003740
_I2C1_MasterClose                                         text71       00369E
_I2C1_MasterDisableIrq                                    text70       0034E4
_I2C1_MasterDisableRestart                                text45       00373A
_I2C1_MasterEnableRestart                                 text44       003734
_I2C1_MasterFsm                                           text14       002D64
_I2C1_MasterGetCounter                                    text36       003716
_I2C1_MasterGetRxData                                     text41       00372E
_I2C1_MasterIsCountFlagSet                                text65       003602
_I2C1_MasterIsNack                                        text35       0035AA
_I2C1_MasterIsNackFlagSet                                 text64       0035EC
_I2C1_MasterIsRxBufFull                                   text40       0035C0
_I2C1_MasterIsStopFlagSet                                 text63       0035D6
_I2C1_MasterIsTxBufEmpty                                  text34       003594
_I2C1_MasterOpen                                          text9        00324C
_I2C1_MasterOperation                                     text11       002FD4
_I2C1_MasterRead                                          text10       0036EE
_I2C1_MasterResetBus                                      text46       0036BE
_I2C1_MasterSendAck                                       text39       003728
_I2C1_MasterSendNack                                      text38       003722
_I2C1_MasterSendTxData                                    text42       0036AA
_I2C1_MasterSetCounter                                    text43       0036B4
_I2C1_MasterStop                                          text37       00371C
_I2C1_MasterWaitForEvent                                  text13       002F1E
_I2C1_MasterWrite                                         text6        0036E6
_I2C1_Open                                                text8        002BD6
_I2C1_Poller                                              text12       0034C6
_I2C1_SetAddressNackCallback                              text5        003536
_I2C1_SetBuffer                                           text61       00345C
_I2C1_SetCallback                                         text60       002C66
_I2C1_SetDataCompleteCallback                             text59       00354E
_I2C1_Status                                              bssBANK0     000060
_INLVLA                                                   (abs)        003A44
_INLVLB                                                   (abs)        003A54
_INLVLC                                                   (abs)        003A64
_INLVLD                                                   (abs)        003A74
_INLVLE                                                   (abs)        003A84
_Iniciarlizar                                             text92       0026EA
_LATA                                                     (abs)        003FBA
_LATB                                                     (abs)        003FBB
_LATC                                                     (abs)        003FBC
_LATD                                                     (abs)        003FBD
_LATE                                                     (abs)        003FBE
_ODCONA                                                   (abs)        003A42
_ODCONB                                                   (abs)        003A52
_ODCONC                                                   (abs)        003A62
_ODCOND                                                   (abs)        003A72
_ODCONE                                                   (abs)        003A82
_OSCCON1                                                  (abs)        0039D9
_OSCCON3                                                  (abs)        0039DB
_OSCEN                                                    (abs)        0039DD
_OSCFRQ                                                   (abs)        0039DF
_OSCILLATOR_Initialize                                    text90       003566
_OSCTUNE                                                  (abs)        0039DE
_PIE2bits                                                 (abs)        003992
_PIE3bits                                                 (abs)        003993
_PIN_MANAGER_Initialize                                   text89       002956
_PIR2bits                                                 (abs)        0039A2
_PIR3bits                                                 (abs)        0039A3
_PMD0                                                     (abs)        0039C0
_PMD1                                                     (abs)        0039C1
_PMD2                                                     (abs)        0039C2
_PMD3                                                     (abs)        0039C3
_PMD4                                                     (abs)        0039C4
_PMD5                                                     (abs)        0039C5
_PMD6                                                     (abs)        0039C6
_PMD7                                                     (abs)        0039C7
_PMD_Initialize                                           text88       003480
_RB1I2C                                                   (abs)        003A5A
_RB1PPS                                                   (abs)        003A09
_RB2I2C                                                   (abs)        003A5B
_RB2PPS                                                   (abs)        003A0A
_RC3I2C                                                   (abs)        003A6A
_RC4I2C                                                   (abs)        003A6B
_RC6PPS                                                   (abs)        003A16
_RD0I2C                                                   (abs)        003A7A
_RD1I2C                                                   (abs)        003A7B
_SLRCONA                                                  (abs)        003A43
_SLRCONB                                                  (abs)        003A53
_SLRCONC                                                  (abs)        003A63
_SLRCOND                                                  (abs)        003A73
_SLRCONE                                                  (abs)        003A83
_SYSTEM_Initialize                                        text83       00362E
_TRISA                                                    (abs)        003FC2
_TRISB                                                    (abs)        003FC3
_TRISC                                                    (abs)        003FC4
_TRISD                                                    (abs)        003FC5
_TRISE                                                    (abs)        003FC6
_U1BRGH                                                   (abs)        003DF6
_U1BRGL                                                   (abs)        003DF5
_U1CON0                                                   (abs)        003DF2
_U1CON0bits                                               (abs)        003DF2
_U1CON1                                                   (abs)        003DF3
_U1CON2                                                   (abs)        003DF4
_U1ERRIE                                                  (abs)        003DFA
_U1ERRIR                                                  (abs)        003DF9
_U1ERRIRbits                                              (abs)        003DF9
_U1FIFO                                                   (abs)        003DF7
_U1P1H                                                    (abs)        003DED
_U1P1L                                                    (abs)        003DEC
_U1P2H                                                    (abs)        003DEF
_U1P2L                                                    (abs)        003DEE
_U1P3H                                                    (abs)        003DF1
_U1P3L                                                    (abs)        003DF0
_U1RXB                                                    (abs)        003DE8
_U1RXPPS                                                  (abs)        003AE5
_U1TXB                                                    (abs)        003DEA
_U1UIR                                                    (abs)        003DF8
_UART1_DefaultErrorHandler                                text82       003766
_UART1_DefaultFramingErrorHandler                         text81       003764
_UART1_DefaultOverrunErrorHandler                         text80       003762
_UART1_ErrorHandler                                       nvBANK0      0000B8
_UART1_FramingErrorHandler                                nvCOMRAM     00005C
_UART1_Initialize                                         text84       002EB6
_UART1_OverrunErrorHandler                                nvCOMRAM     00005A
_UART1_Read                                               text79       002B3E
_UART1_SetErrorHandler                                    text87       0036DC
_UART1_SetFramingErrorHandler                             text86       0036D2
_UART1_SetOverrunErrorHandler                             text85       0036C8
_UART1_Write                                              text78       00351C
_UART1_is_rx_ready                                        text77       003618
_WPUA                                                     (abs)        003A41
_WPUB                                                     (abs)        003A51
_WPUC                                                     (abs)        003A61
_WPUD                                                     (abs)        003A71
_WPUE                                                     (abs)        003A81
__HRAM                                                    (abs)        000000
__Habs1                                                   abs1         000000
__Hbank0                                                  bank0        000000
__Hbank1                                                  bank1        000000
__Hbank10                                                 bank10       000000
__Hbank11                                                 bank11       000000
__Hbank12                                                 bank12       000000
__Hbank13                                                 bank13       000000
__Hbank14                                                 bank14       000000
__Hbank15                                                 bank15       000000
__Hbank2                                                  bank2        000000
__Hbank3                                                  bank3        000000
__Hbank4                                                  bank4        000000
__Hbank5                                                  bank5        000000
__Hbank6                                                  bank6        000000
__Hbank7                                                  bank7        000000
__Hbank8                                                  bank8        000000
__Hbank9                                                  bank9        000000
__Hbigbss                                                 bigbss       000000
__Hbigdata                                                bigdata      000000
__Hbigram                                                 bigram       000000
__Hbigsfr                                                 bigsfr       000000
__Hbss                                                    bss          000000
__HbssBANK0                                               bssBANK0     000000
__HbssCOMRAM                                              bssCOMRAM    000000
__Hcinit                                                  cinit        000000
__Hclrtext                                                clrtext      000000
__Hcomram                                                 comram       000000
__Hconfig                                                 config       30000A
__Hconst                                                  const        000000
__HcstackBANK0                                            cstackBANK0  000000
__HcstackBANK1                                            cstackBANK1  000000
__HcstackCOMRAM                                           cstackCOMRAM 000000
__Hdata                                                   data         000000
__HdataBANK0                                              dataBANK0    000000
__Heeprom_data                                            eeprom_data  000000
__Hfarbss                                                 farbss       000000
__Hfardata                                                fardata      000000
__Hheap                                                   heap         000000
__Hibigdata                                               ibigdata     000000
__Hidata                                                  idata        000000
__HidataBANK0                                             idataBANK0   000000
__Hidloc                                                  idloc        200010
__Hifardata                                               ifardata     000000
__Hinit                                                   init         010000
__Hintsave_regs                                           intsave_regs 000000
__Hirdata                                                 irdata       000000
__Hmediumconst                                            mediumconst  000000
__HnvBANK0                                                nvBANK0      000000
__HnvCOMRAM                                               nvCOMRAM     000000
__HnvFARRAM                                               nvFARRAM     000000
__Hnvbit                                                  nvbit        000000
__Hnvrram                                                 nvrram       000000
__Hparam                                                  rparam       000000
__Hpowerup                                                powerup      000000
__Hram                                                    ram          000000
__Hramtop                                                 ramtop       001000
__Hrbit                                                   rbit         000000
__Hrbss                                                   rbss         000000
__Hrdata                                                  rdata        000000
__Hreset_vec                                              reset_vec    000004
__Hrparam                                                 rparam       000000
__Hsfr                                                    sfr          000000
__Hsmallconst                                             smallconst   0010D2
__Hspace_0                                                (abs)        010000
__Hspace_1                                                (abs)        0001FF
__Hspace_2                                                (abs)        000000
__Hspace_4                                                (abs)        60000A
__Hstack                                                  stack        000000
__Hstruct                                                 struct       000000
__Htemp                                                   temp         000000
__Htext                                                   text         000000
__Htext0                                                  text0        000000
__Htext1                                                  text1        000000
__Htext10                                                 text10       000000
__Htext11                                                 text11       000000
__Htext12                                                 text12       000000
__Htext13                                                 text13       000000
__Htext14                                                 text14       000000
__Htext15                                                 text15       000000
__Htext16                                                 text16       000000
__Htext17                                                 text17       000000
__Htext18                                                 text18       000000
__Htext19                                                 text19       000000
__Htext2                                                  text2        000000
__Htext20                                                 text20       000000
__Htext21                                                 text21       000000
__Htext22                                                 text22       000000
__Htext23                                                 text23       000000
__Htext24                                                 text24       000000
__Htext25                                                 text25       000000
__Htext26                                                 text26       000000
__Htext27                                                 text27       000000
__Htext28                                                 text28       000000
__Htext29                                                 text29       000000
__Htext3                                                  text3        000000
__Htext30                                                 text30       000000
__Htext31                                                 text31       000000
__Htext32                                                 text32       000000
__Htext33                                                 text33       000000
__Htext34                                                 text34       000000
__Htext35                                                 text35       000000
__Htext36                                                 text36       000000
__Htext37                                                 text37       000000
__Htext38                                                 text38       000000
__Htext39                                                 text39       000000
__Htext4                                                  text4        000000
__Htext40                                                 text40       000000
__Htext41                                                 text41       000000
__Htext42                                                 text42       000000
__Htext43                                                 text43       000000
__Htext44                                                 text44       000000
__Htext45                                                 text45       000000
__Htext46                                                 text46       000000
__Htext47                                                 text47       000000
__Htext48                                                 text48       000000
__Htext49                                                 text49       000000
__Htext5                                                  text5        000000
__Htext50                                                 text50       000000
__Htext51                                                 text51       000000
__Htext52                                                 text52       000000
__Htext53                                                 text53       000000
__Htext54                                                 text54       000000
__Htext55                                                 text55       000000
__Htext56                                                 text56       000000
__Htext57                                                 text57       000000
__Htext58                                                 text58       000000
__Htext59                                                 text59       000000
__Htext6                                                  text6        000000
__Htext60                                                 text60       000000
__Htext61                                                 text61       000000
__Htext62                                                 text62       000000
__Htext63                                                 text63       000000
__Htext64                                                 text64       000000
__Htext65                                                 text65       000000
__Htext66                                                 text66       000000
__Htext67                                                 text67       000000
__Htext68                                                 text68       000000
__Htext69                                                 text69       000000
__Htext7                                                  text7        000000
__Htext70                                                 text70       000000
__Htext71                                                 text71       000000
__Htext72                                                 text72       000000
__Htext73                                                 text73       000000
__Htext74                                                 text74       000000
__Htext75                                                 text75       000000
__Htext76                                                 text76       000000
__Htext77                                                 text77       000000
__Htext78                                                 text78       000000
__Htext79                                                 text79       000000
__Htext8                                                  text8        000000
__Htext80                                                 text80       000000
__Htext81                                                 text81       000000
__Htext82                                                 text82       000000
__Htext83                                                 text83       000000
__Htext84                                                 text84       000000
__Htext85                                                 text85       000000
__Htext86                                                 text86       000000
__Htext87                                                 text87       000000
__Htext88                                                 text88       000000
__Htext89                                                 text89       000000
__Htext9                                                  text9        000000
__Htext90                                                 text90       000000
__Htext91                                                 text91       000000
__Htext92                                                 text92       000000
__Htext93                                                 text93       000000
__LRAM                                                    (abs)        000001
__Labs1                                                   abs1         000000
__Lbank0                                                  bank0        000000
__Lbank1                                                  bank1        000000
__Lbank10                                                 bank10       000000
__Lbank11                                                 bank11       000000
__Lbank12                                                 bank12       000000
__Lbank13                                                 bank13       000000
__Lbank14                                                 bank14       000000
__Lbank15                                                 bank15       000000
__Lbank2                                                  bank2        000000
__Lbank3                                                  bank3        000000
__Lbank4                                                  bank4        000000
__Lbank5                                                  bank5        000000
__Lbank6                                                  bank6        000000
__Lbank7                                                  bank7        000000
__Lbank8                                                  bank8        000000
__Lbank9                                                  bank9        000000
__Lbigbss                                                 bigbss       000000
__Lbigdata                                                bigdata      000000
__Lbigram                                                 bigram       000000
__Lbigsfr                                                 bigsfr       000000
__Lbss                                                    bss          000000
__LbssBANK0                                               bssBANK0     000000
__LbssCOMRAM                                              bssCOMRAM    000000
__Lcinit                                                  cinit        000000
__Lclrtext                                                clrtext      000000
__Lcomram                                                 comram       000000
__Lconfig                                                 config       000000
__Lconst                                                  const        000000
__LcstackBANK0                                            cstackBANK0  000000
__LcstackBANK1                                            cstackBANK1  000000
__LcstackCOMRAM                                           cstackCOMRAM 000000
__Ldata                                                   data         000000
__LdataBANK0                                              dataBANK0    000000
__Leeprom_data                                            eeprom_data  000000
__Lfarbss                                                 farbss       000000
__Lfardata                                                fardata      000000
__Lheap                                                   heap         000000
__Libigdata                                               ibigdata     000000
__Lidata                                                  idata        000000
__LidataBANK0                                             idataBANK0   000000
__Lidloc                                                  idloc        000000
__Lifardata                                               ifardata     000000
__Linit                                                   init         00FFFC
__Lintsave_regs                                           intsave_regs 000000
__Lirdata                                                 irdata       000000
__Lmediumconst                                            mediumconst  000000
__LnvBANK0                                                nvBANK0      000000
__LnvCOMRAM                                               nvCOMRAM     000000
__LnvFARRAM                                               nvFARRAM     000000
__Lnvbit                                                  nvbit        000000
__Lnvrram                                                 nvrram       000000
__Lparam                                                  rparam       000000
__Lpowerup                                                powerup      000000
__Lram                                                    ram          000000
__Lramtop                                                 ramtop       001000
__Lrbit                                                   rbit         000000
__Lrbss                                                   rbss         000000
__Lrdata                                                  rdata        000000
__Lreset_vec                                              reset_vec    000000
__Lrparam                                                 rparam       000000
__Lsfr                                                    sfr          000000
__Lsmallconst                                             smallconst   001000
__Lspace_0                                                (abs)        000000
__Lspace_1                                                (abs)        000000
__Lspace_2                                                (abs)        000000
__Lspace_4                                                (abs)        000000
__Lstack                                                  stack        000000
__Lstruct                                                 struct       000000
__Ltemp                                                   temp         000000
__Ltext                                                   text         000000
__Ltext0                                                  text0        000000
__Ltext1                                                  text1        000000
__Ltext10                                                 text10       000000
__Ltext11                                                 text11       000000
__Ltext12                                                 text12       000000
__Ltext13                                                 text13       000000
__Ltext14                                                 text14       000000
__Ltext15                                                 text15       000000
__Ltext16                                                 text16       000000
__Ltext17                                                 text17       000000
__Ltext18                                                 text18       000000
__Ltext19                                                 text19       000000
__Ltext2                                                  text2        000000
__Ltext20                                                 text20       000000
__Ltext21                                                 text21       000000
__Ltext22                                                 text22       000000
__Ltext23                                                 text23       000000
__Ltext24                                                 text24       000000
__Ltext25                                                 text25       000000
__Ltext26                                                 text26       000000
__Ltext27                                                 text27       000000
__Ltext28                                                 text28       000000
__Ltext29                                                 text29       000000
__Ltext3                                                  text3        000000
__Ltext30                                                 text30       000000
__Ltext31                                                 text31       000000
__Ltext32                                                 text32       000000
__Ltext33                                                 text33       000000
__Ltext34                                                 text34       000000
__Ltext35                                                 text35       000000
__Ltext36                                                 text36       000000
__Ltext37                                                 text37       000000
__Ltext38                                                 text38       000000
__Ltext39                                                 text39       000000
__Ltext4                                                  text4        000000
__Ltext40                                                 text40       000000
__Ltext41                                                 text41       000000
__Ltext42                                                 text42       000000
__Ltext43                                                 text43       000000
__Ltext44                                                 text44       000000
__Ltext45                                                 text45       000000
__Ltext46                                                 text46       000000
__Ltext47                                                 text47       000000
__Ltext48                                                 text48       000000
__Ltext49                                                 text49       000000
__Ltext5                                                  text5        000000
__Ltext50                                                 text50       000000
__Ltext51                                                 text51       000000
__Ltext52                                                 text52       000000
__Ltext53                                                 text53       000000
__Ltext54                                                 text54       000000
__Ltext55                                                 text55       000000
__Ltext56                                                 text56       000000
__Ltext57                                                 text57       000000
__Ltext58                                                 text58       000000
__Ltext59                                                 text59       000000
__Ltext6                                                  text6        000000
__Ltext60                                                 text60       000000
__Ltext61                                                 text61       000000
__Ltext62                                                 text62       000000
__Ltext63                                                 text63       000000
__Ltext64                                                 text64       000000
__Ltext65                                                 text65       000000
__Ltext66                                                 text66       000000
__Ltext67                                                 text67       000000
__Ltext68                                                 text68       000000
__Ltext69                                                 text69       000000
__Ltext7                                                  text7        000000
__Ltext70                                                 text70       000000
__Ltext71                                                 text71       000000
__Ltext72                                                 text72       000000
__Ltext73                                                 text73       000000
__Ltext74                                                 text74       000000
__Ltext75                                                 text75       000000
__Ltext76                                                 text76       000000
__Ltext77                                                 text77       000000
__Ltext78                                                 text78       000000
__Ltext79                                                 text79       000000
__Ltext8                                                  text8        000000
__Ltext80                                                 text80       000000
__Ltext81                                                 text81       000000
__Ltext82                                                 text82       000000
__Ltext83                                                 text83       000000
__Ltext84                                                 text84       000000
__Ltext85                                                 text85       000000
__Ltext86                                                 text86       000000
__Ltext87                                                 text87       000000
__Ltext88                                                 text88       000000
__Ltext89                                                 text89       000000
__Ltext9                                                  text9        000000
__Ltext90                                                 text90       000000
__Ltext91                                                 text91       000000
__Ltext92                                                 text92       000000
__Ltext93                                                 text93       000000
__S0                                                      (abs)        010000
__S1                                                      (abs)        0001FF
__S4                                                      (abs)        000000
__S5                                                      (abs)        000000
___heap_hi                                                (abs)        000000
___heap_lo                                                (abs)        000000
___inthi_sp                                               stack        000000
___intlo_sp                                               stack        000000
___param_bank                                             (abs)        000000
___rparam_used                                            (abs)        000001
___sp                                                     stack        000000
__accesstop                                               (abs)        000060
__activetblptr                                            (abs)        000003
__end_of_I2C1_CallbackReturnReset                         text47       00375E
__end_of_I2C1_CallbackReturnStop                          text48       003762
__end_of_I2C1_ClearInterruptFlags                         text62       003078
__end_of_I2C1_Close                                       text69       003434
__end_of_I2C1_DO_ADDRESS_NACK                             text17       002EB6
__end_of_I2C1_DO_BUS_COLLISION                            text16       002E4E
__end_of_I2C1_DO_BUS_ERROR                                text15       003666
__end_of_I2C1_DO_IDLE                                     text32       00369E
__end_of_I2C1_DO_RESET                                    text18       003676
__end_of_I2C1_DO_RX                                       text28       002B3E
__end_of_I2C1_DO_RX_ACK                                   text21       003706
__end_of_I2C1_DO_RX_EMPTY                                 text26       002AA0
__end_of_I2C1_DO_RX_NACK_RESTART                          text19       0036FE
__end_of_I2C1_DO_RX_NACK_STOP                             text20       003684
__end_of_I2C1_DO_SEND_ADR_READ                            text31       0032A8
__end_of_I2C1_DO_SEND_ADR_WRITE                           text30       003594
__end_of_I2C1_DO_SEND_RESTART                             text23       003756
__end_of_I2C1_DO_SEND_RESTART_READ                        text25       003692
__end_of_I2C1_DO_SEND_RESTART_WRITE                       text24       00375A
__end_of_I2C1_DO_SEND_STOP                                text22       00345C
__end_of_I2C1_DO_TX                                       text29       0026EA
__end_of_I2C1_DO_TX_ACK                                   text33       00370E
__end_of_I2C1_DO_TX_EMPTY                                 text27       002D64
__end_of_I2C1_Initialize                                  text91       0034C6
__end_of_I2C1_MasterClearCountFlag                        text68       003752
__end_of_I2C1_MasterClearIrq                              text72       003716
__end_of_I2C1_MasterClearNackFlag                         text67       00374C
__end_of_I2C1_MasterClearStopFlag                         text66       003746
__end_of_I2C1_MasterClose                                 text71       0036AA
__end_of_I2C1_MasterDisableIrq                            text70       003502
__end_of_I2C1_MasterDisableRestart                        text45       003740
__end_of_I2C1_MasterEnableRestart                         text44       00373A
__end_of_I2C1_MasterFsm                                   text14       002DDE
__end_of_I2C1_MasterGetCounter                            text36       00371C
__end_of_I2C1_MasterGetRxData                             text41       003734
__end_of_I2C1_MasterIsCountFlagSet                        text65       003618
__end_of_I2C1_MasterIsNack                                text35       0035C0
__end_of_I2C1_MasterIsNackFlagSet                         text64       003602
__end_of_I2C1_MasterIsRxBufFull                           text40       0035D6
__end_of_I2C1_MasterIsStopFlagSet                         text63       0035EC
__end_of_I2C1_MasterIsTxBufEmpty                          text34       0035AA
__end_of_I2C1_MasterOpen                                  text9        00327A
__end_of_I2C1_MasterOperation                             text11       003026
__end_of_I2C1_MasterRead                                  text10       0036F6
__end_of_I2C1_MasterResetBus                              text46       0036C8
__end_of_I2C1_MasterSendAck                               text39       00372E
__end_of_I2C1_MasterSendNack                              text38       003728
__end_of_I2C1_MasterSendTxData                            text42       0036B4
__end_of_I2C1_MasterSetCounter                            text43       0036BE
__end_of_I2C1_MasterStop                                  text37       003722
__end_of_I2C1_MasterWaitForEvent                          text13       002F7A
__end_of_I2C1_MasterWrite                                 text6        0036EE
__end_of_I2C1_Open                                        text8        002C66
__end_of_I2C1_Poller                                      text12       0034E4
__end_of_I2C1_SetAddressNackCallback                      text5        00354E
__end_of_I2C1_SetBuffer                                   text61       003480
__end_of_I2C1_SetCallback                                 text60       002CE8
__end_of_I2C1_SetDataCompleteCallback                     text59       003566
__end_of_Iniciarlizar                                     text92       0027F0
__end_of_OSCILLATOR_Initialize                            text90       00357E
__end_of_PIN_MANAGER_Initialize                           text89       0029FE
__end_of_PMD_Initialize                                   text88       0034A4
__end_of_SYSTEM_Initialize                                text83       003644
__end_of_UART1_DefaultErrorHandler                        text82       003768
__end_of_UART1_DefaultFramingErrorHandler                 text81       003766
__end_of_UART1_DefaultOverrunErrorHandler                 text80       003764
__end_of_UART1_Initialize                                 text84       002F1E
__end_of_UART1_Read                                       text79       002BD6
__end_of_UART1_SetErrorHandler                            text87       0036E6
__end_of_UART1_SetFramingErrorHandler                     text86       0036DC
__end_of_UART1_SetOverrunErrorHandler                     text85       0036D2
__end_of_UART1_Write                                      text78       003536
__end_of_UART1_is_rx_ready                                text77       00362E
__end_of__initialization                                  cinit        003246
__end_of_cola_add                                         text75       002956
__end_of_cola_get                                         text73       0028A8
__end_of_cola_llena                                       text76       003198
__end_of_cola_vacia                                       text74       0031D8
__end_of_i2c1_fsmStateTable                               smallconst   001027
__end_of_i2c_readNBytes                                   text7        003156
__end_of_i2c_writeNBytes                                  text4        002FD4
__end_of_inicie_cola                                      text3        003216
__end_of_lectura                                          text2        0022AE
__end_of_main                                             text0        0025C8
__end_of_rd1RegCompleteHandler                            text56       0033B0
__end_of_rd1RegCompleteHandler@i2c1_master_example$F145   text52       00332C
__end_of_rd2RegCompleteHandler                            text55       003384
__end_of_rd2RegCompleteHandler@i2c1_master_example$F156   text51       003300
__end_of_rdBlkRegCompleteHandler                          text53       003110
__end_of_rdBlkRegCompleteHandler@i2c1_master_example$F179 text49       0030C4
__end_of_tam_cola                                         text1        00351C
__end_of_wr1RegCompleteHandler                            text57       0033DC
__end_of_wr1RegCompleteHandler@i2c1_master_example$F162   text50       0032D4
__end_of_wr2RegCompleteHandler                            text54       003358
__end_of_wr2RegCompleteHandler@i2c1_master_example$F168   text58       003408
__initialization                                          cinit        003216
__mediumconst                                             mediumconst  000000
__pbssBANK0                                               bssBANK0     000060
__pbssCOMRAM                                              bssCOMRAM    00005E
__pcinit                                                  cinit        003216
__pcstackBANK0                                            cstackBANK0  000084
__pcstackBANK1                                            cstackBANK1  000100
__pcstackCOMRAM                                           cstackCOMRAM 000001
__pdataBANK0                                              dataBANK0    0000A7
__pidataBANK0                                             idataBANK0   003644
__pnvBANK0                                                nvBANK0      0000B8
__pnvCOMRAM                                               nvCOMRAM     00005A
__psmallconst                                             smallconst   001000
__ptext0                                                  text0        0022AE
__ptext1                                                  text1        003502
__ptext10                                                 text10       0036EE
__ptext11                                                 text11       002FD4
__ptext12                                                 text12       0034C6
__ptext13                                                 text13       002F1E
__ptext14                                                 text14       002D64
__ptext15                                                 text15       003656
__ptext16                                                 text16       002DDE
__ptext17                                                 text17       002E4E
__ptext18                                                 text18       003666
__ptext19                                                 text19       0036F6
__ptext2                                                  text2        0010D2
__ptext20                                                 text20       003676
__ptext21                                                 text21       0036FE
__ptext22                                                 text22       003434
__ptext23                                                 text23       003752
__ptext24                                                 text24       003756
__ptext25                                                 text25       003684
__ptext26                                                 text26       0029FE
__ptext27                                                 text27       002CE8
__ptext28                                                 text28       002AA0
__ptext29                                                 text29       0025C8
__ptext3                                                  text3        0031D8
__ptext30                                                 text30       00357E
__ptext31                                                 text31       00327A
__ptext32                                                 text32       003692
__ptext33                                                 text33       003706
__ptext34                                                 text34       003594
__ptext35                                                 text35       0035AA
__ptext36                                                 text36       003716
__ptext37                                                 text37       00371C
__ptext38                                                 text38       003722
__ptext39                                                 text39       003728
__ptext4                                                  text4        002F7A
__ptext40                                                 text40       0035C0
__ptext41                                                 text41       00372E
__ptext42                                                 text42       0036AA
__ptext43                                                 text43       0036B4
__ptext44                                                 text44       003734
__ptext45                                                 text45       00373A
__ptext46                                                 text46       0036BE
__ptext47                                                 text47       00375A
__ptext48                                                 text48       00375E
__ptext49                                                 text49       003078
__ptext5                                                  text5        003536
__ptext50                                                 text50       0032A8
__ptext51                                                 text51       0032D4
__ptext52                                                 text52       003300
__ptext53                                                 text53       0030C4
__ptext54                                                 text54       00332C
__ptext55                                                 text55       003358
__ptext56                                                 text56       003384
__ptext57                                                 text57       0033B0
__ptext58                                                 text58       0033DC
__ptext59                                                 text59       00354E
__ptext6                                                  text6        0036E6
__ptext60                                                 text60       002C66
__ptext61                                                 text61       00345C
__ptext62                                                 text62       003026
__ptext63                                                 text63       0035D6
__ptext64                                                 text64       0035EC
__ptext65                                                 text65       003602
__ptext66                                                 text66       003740
__ptext67                                                 text67       003746
__ptext68                                                 text68       00374C
__ptext69                                                 text69       003408
__ptext7                                                  text7        003110
__ptext70                                                 text70       0034E4
__ptext71                                                 text71       00369E
__ptext72                                                 text72       00370E
__ptext73                                                 text73       0027F0
__ptext74                                                 text74       003198
__ptext75                                                 text75       0028A8
__ptext76                                                 text76       003156
__ptext77                                                 text77       003618
__ptext78                                                 text78       00351C
__ptext79                                                 text79       002B3E
__ptext8                                                  text8        002BD6
__ptext80                                                 text80       003762
__ptext81                                                 text81       003764
__ptext82                                                 text82       003766
__ptext83                                                 text83       00362E
__ptext84                                                 text84       002EB6
__ptext85                                                 text85       0036C8
__ptext86                                                 text86       0036D2
__ptext87                                                 text87       0036DC
__ptext88                                                 text88       003480
__ptext89                                                 text89       002956
__ptext9                                                  text9        00324C
__ptext90                                                 text90       003566
__ptext91                                                 text91       0034A4
__ptext92                                                 text92       0026EA
__ptext93                                                 text93       000000
__ramtop                                                  ramtop       001000
__smallconst                                              smallconst   001000
_cola_add                                                 text75       0028A8
_cola_get                                                 text73       0027F0
_cola_llena                                               text76       003156
_cola_vacia                                               text74       003198
_i2c1_fsmStateTable                                       smallconst   001001
_i2c_readNBytes                                           text7        003110
_i2c_writeNBytes                                          text4        002F7A
_inicie_cola                                              text3        0031D8
_lectura                                                  text2        0010D2
_main                                                     text0        0022AE
_rd1RegCompleteHandler                                    text56       003384
_rd1RegCompleteHandler@i2c1_master_example$F145           text52       003300
_rd2RegCompleteHandler                                    text55       003358
_rd2RegCompleteHandler@i2c1_master_example$F156           text51       0032D4
_rdBlkRegCompleteHandler                                  text53       0030C4
_rdBlkRegCompleteHandler@i2c1_master_example$F179         text49       003078
_tam_cola                                                 text1        003502
_uart1RxLastError                                         bssCOMRAM    00005E
_wr1RegCompleteHandler                                    text57       0033B0
_wr1RegCompleteHandler@i2c1_master_example$F162           text50       0032A8
_wr2RegCompleteHandler                                    text54       00332C
_wr2RegCompleteHandler@i2c1_master_example$F168           text58       0033DC
cola_add@c                                                cstackCOMRAM 000005
cola_add@dato                                             cstackCOMRAM 000007
cola_get@c                                                cstackCOMRAM 000005
cola_get@temp                                             cstackCOMRAM 000009
cola_llena@c                                              cstackCOMRAM 000001
cola_vacia@c                                              cstackCOMRAM 000001
end_of_initialization                                     cinit        003246
i2c_readNBytes@address                                    cstackCOMRAM 00001A
i2c_readNBytes@data                                       cstackCOMRAM 000016
i2c_readNBytes@len                                        cstackCOMRAM 000018
i2c_writeNBytes@address                                   cstackCOMRAM 00001A
i2c_writeNBytes@data                                      cstackCOMRAM 000016
i2c_writeNBytes@len                                       cstackCOMRAM 000018
inicie_cola@c                                             cstackCOMRAM 000001
intlevel0                                                 text         000000
intlevel1                                                 text         000000
intlevel2                                                 text         000000
intlevel3                                                 text         000000
isa$std                                                   (abs)        000001
isa$xinst                                                 (abs)        000000
lectura@est                                               cstackCOMRAM 00000A
lectura@lectura                                           cstackCOMRAM 000011
main@cola                                                 cstackCOMRAM 000036
main@datosEnvio                                           cstackCOMRAM 000022
main@datosRecibidos                                       cstackBANK1  000100
main@est                                                  cstackBANK0  000084
main@guardar                                              cstackCOMRAM 000021
main@i                                                    cstackCOMRAM 00001F
main@i_1494                                               cstackCOMRAM 000034
rd1RegCompleteHandler@i2c1_master_example$F145@ptr        cstackCOMRAM 00000A
rd1RegCompleteHandler@p                                   cstackCOMRAM 00000A
rd2RegCompleteHandler@i2c1_master_example$F156@ptr        cstackCOMRAM 00000A
rd2RegCompleteHandler@p                                   cstackCOMRAM 00000A
rdBlkRegCompleteHandler@i2c1_master_example$F179@ptr      cstackCOMRAM 00000A
rdBlkRegCompleteHandler@p                                 cstackCOMRAM 00000A
stackhi                                                   (abs)        000000
stacklo                                                   (abs)        000000
start                                                     init         00FFFC
start_initialization                                      cinit        003216
tam_cola@c                                                cstackCOMRAM 000001
wr1RegCompleteHandler@i2c1_master_example$F162@ptr        cstackCOMRAM 00000A
wr1RegCompleteHandler@p                                   cstackCOMRAM 00000A
wr2RegCompleteHandler@i2c1_master_example$F168@ptr        cstackCOMRAM 00000A
wr2RegCompleteHandler@p                                   cstackCOMRAM 00000A


MODULE INFORMATION

Module		Function		Class		Link	Load	Size
mcc_generated_files/examples/i2c1_master_example.c
		_rdBlkRegCompleteHandler@i2c1_master_example$F179		CODE           	3078	0000	76
		_rd1RegCompleteHandler@i2c1_master_example$F145		CODE           	3300	0000	44
		_rd2RegCompleteHandler@i2c1_master_example$F156		CODE           	32D4	0000	44
		_wr1RegCompleteHandler@i2c1_master_example$F162		CODE           	32A8	0000	44
		_wr2RegCompleteHandler@i2c1_master_example$F168		CODE           	33DC	0000	44

mcc_generated_files/examples/i2c1_master_example.c estimated size: 252

mcc_generated_files/i2c1_master.c
		_I2C1_DO_SEND_RESTART		CODE           	3752	0000	4
		_I2C1_MasterIsNackFlagSet		CODE           	35EC	0000	22
		_I2C1_DO_RX_EMPTY		CODE           	29FE	0000	162
		_I2C1_DO_TX_EMPTY		CODE           	2CE8	0000	124
		_I2C1_DO_SEND_RESTART_READ		CODE           	3684	0000	14
		_I2C1_MasterClearNackFlag		CODE           	3746	0000	6
		_I2C1_CallbackReturnStop		CODE           	375E	0000	4
		_I2C1_MasterRead		CODE           	36EE	0000	8
		_I2C1_DO_RX    		CODE           	2AA0	0000	158
		_I2C1_DO_TX    		CODE           	25C8	0000	290
		_I2C1_SetAddressNackCallback		CODE           	3536	0000	24
		_I2C1_DO_IDLE  		CODE           	3692	0000	12
		_I2C1_MasterOpen		CODE           	324C	0000	46
		_I2C1_MasterSendTxData		CODE           	36AA	0000	10
		_I2C1_MasterStop		CODE           	371C	0000	6
		_I2C1_MasterIsStopFlagSet		CODE           	35D6	0000	22
		_I2C1_CallbackReturnReset		CODE           	375A	0000	4
		_I2C1_DO_RESET 		CODE           	3666	0000	16
		_I2C1_Poller   		CODE           	34C6	0000	30
		_I2C1_DO_RX_ACK		CODE           	36FE	0000	8
		_I2C1_DO_TX_ACK		CODE           	3706	0000	8
		_I2C1_MasterWaitForEvent		CODE           	2F1E	0000	92
		_I2C1_MasterSendNack		CODE           	3722	0000	6
		_I2C1_DO_RX_NACK_RESTART		CODE           	36F6	0000	8
		_I2C1_MasterDisableIrq		CODE           	34E4	0000	30
		_I2C1_ClearInterruptFlags		CODE           	3026	0000	82
		_I2C1_MasterOperation		CODE           	2FD4	0000	82
		_I2C1_MasterClearStopFlag		CODE           	3740	0000	6
		_I2C1_SetCallback		CODE           	2C66	0000	130
		_I2C1_MasterEnableRestart		CODE           	3734	0000	6
		_I2C1_MasterGetCounter		CODE           	3716	0000	6
		_I2C1_MasterSetCounter		CODE           	36B4	0000	10
		_I2C1_Open     		CODE           	2BD6	0000	144
		_I2C1_DO_ADDRESS_NACK		CODE           	2E4E	0000	104
		_I2C1_MasterDisableRestart		CODE           	373A	0000	6
		_I2C1_MasterClearCountFlag		CODE           	374C	0000	6
		_I2C1_SetBuffer		CODE           	345C	0000	36
		_I2C1_DO_SEND_RESTART_WRITE		CODE           	3756	0000	4
		_I2C1_MasterIsTxBufEmpty		CODE           	3594	0000	22
		_I2C1_MasterClose		CODE           	369E	0000	12
		_I2C1_MasterWrite		CODE           	36E6	0000	8
		_I2C1_Initialize		CODE           	34A4	0000	34
		_I2C1_Close    		CODE           	3408	0000	44
		_I2C1_MasterIsRxBufFull		CODE           	35C0	0000	22
		_I2C1_MasterIsNack		CODE           	35AA	0000	22
		_I2C1_DO_SEND_ADR_WRITE		CODE           	357E	0000	22
		_I2C1_MasterClearIrq		CODE           	370E	0000	8
		_I2C1_SetDataCompleteCallback		CODE           	354E	0000	24
		_I2C1_DO_SEND_STOP		CODE           	3434	0000	40
		_I2C1_DO_BUS_COLLISION		CODE           	2DDE	0000	112
		_I2C1_DO_BUS_ERROR		CODE           	3656	0000	16
		_I2C1_MasterSendAck		CODE           	3728	0000	6
		_I2C1_MasterFsm		CODE           	2D64	0000	122
		_I2C1_MasterGetRxData		CODE           	372E	0000	6
		_I2C1_MasterResetBus		CODE           	36BE	0000	10
		_I2C1_MasterIsCountFlagSet		CODE           	3602	0000	22
		_I2C1_DO_SEND_ADR_READ		CODE           	327A	0000	46
		_I2C1_DO_RX_NACK_STOP		CODE           	3676	0000	14

mcc_generated_files/i2c1_master.c estimated size: 2348

FSM.c
		_Iniciarlizar  		CODE           	26EA	0000	262
		_lectura       		CODE           	10D2	0000	4572

FSM.c estimated size: 4834

mcc_generated_files/pin_manager.c
		_PIN_MANAGER_Initialize		CODE           	2956	0000	168

mcc_generated_files/pin_manager.c estimated size: 168

mcc_generated_files/drivers/i2c_simple_master.c
		_i2c_readNBytes		CODE           	3110	0000	70
		_wr1RegCompleteHandler		CODE           	33B0	0000	44
		_wr2RegCompleteHandler		CODE           	332C	0000	44
		_i2c_writeNBytes		CODE           	2F7A	0000	90
		_rdBlkRegCompleteHandler		CODE           	30C4	0000	76
		_rd1RegCompleteHandler		CODE           	3384	0000	44
		_rd2RegCompleteHandler		CODE           	3358	0000	44

mcc_generated_files/drivers/i2c_simple_master.c estimated size: 412

mcc_generated_files/uart1.c
		_UART1_Write   		CODE           	351C	0000	26
		_UART1_SetFramingErrorHandler		CODE           	36D2	0000	10
		_UART1_SetOverrunErrorHandler		CODE           	36C8	0000	10
		_UART1_Initialize		CODE           	2EB6	0000	104
		_UART1_SetErrorHandler		CODE           	36DC	0000	10
		_UART1_Read    		CODE           	2B3E	0000	152
		_UART1_DefaultFramingErrorHandler		CODE           	3764	0000	2
		_UART1_is_rx_ready		CODE           	3618	0000	22
		_UART1_DefaultErrorHandler		CODE           	3766	0000	2
		_UART1_DefaultOverrunErrorHandler		CODE           	3762	0000	2

mcc_generated_files/uart1.c estimated size: 340

shared
		__initialization		CODE           	3216	0000	48
		_i2c1_fsmStateTable		SMALLCONST     	1001	0000	38

shared estimated size: 86

mcc_generated_files/mcc.c
		_PMD_Initialize		CODE           	3480	0000	36
		_OSCILLATOR_Initialize		CODE           	3566	0000	24
		_SYSTEM_Initialize		CODE           	362E	0000	22

mcc_generated_files/mcc.c estimated size: 82

cola.c
		_cola_add      		CODE           	28A8	0000	174
		_cola_vacia    		CODE           	3198	0000	64
		_cola_llena    		CODE           	3156	0000	66
		_cola_get      		CODE           	27F0	0000	184
		_tam_cola      		CODE           	3502	0000	26
		_inicie_cola   		CODE           	31D8	0000	62

cola.c estimated size: 576

main.c
		_main          		CODE           	22AE	0000	794

main.c estimated size: 794

