Microchip MPLAB XC8 Compiler V2.40

Linker command line:

-W-3 \
  --edf=C:\Program Files\Microchip\xc8\v2.40\pic\dat\20220703182018_en.msgs \
  -cn -h+dist/default/production\P3_SIN_I2C.X.production.sym \
  --cmf=dist/default/production\P3_SIN_I2C.X.production.cmf -z -Q18F46K42 \
  -oC:\Users\AULASI~1\AppData\Local\Temp\xcAsoo.4 --defsym=__MPLAB_BUILD=1 \
  --fixupoverflow=error \
  -Mdist/default/production/P3_SIN_I2C.X.production.map \
  --md=C:\Users\AULASI~1\AppData\Local\Temp\xcAsoo.dat -E1 \
  -ver=XC8 Compiler --acfsm=1493 -ACODE=00h-0FFFFh -ACONST=00h-0FFFFh \
  -ASMALLCONST=01000h-010FFhx240 -AMEDIUMCONST=01000h-0FFFFh \
  -ACOMRAM=01h-05Fh -AABS1=00h-0FFFh -ABIGRAM=01h-0FFFh \
  -ARAM=060h-0FFh,0100h-01FFhx15 -ABANK0=060h-0FFh -ABANK1=0100h-01FFh \
  -ABANK2=0200h-02FFh -ABANK3=0300h-03FFh -ABANK4=0400h-04FFh \
  -ABANK5=0500h-05FFh -ABANK6=0600h-06FFh -ABANK7=0700h-07FFh \
  -ABANK8=0800h-08FFh -ABANK9=0900h-09FFh -ABANK10=0A00h-0AFFh \
  -ABANK11=0B00h-0BFFh -ABANK12=0C00h-0CFFh -ABANK13=0D00h-0DFFh \
  -ABANK14=0E00h-0EFFh -ABANK15=0F00h-0FFFh \
  -ASFR=03800h-038FFhx7,03F00h-03F5Fh,03F60h-03FFFh -ABIGSFR=03800h-03FFFh \
  -ACONFIG=0300000h-0300009h -AIDLOC=0200000h-020000Fh \
  -AEEDATA=0310000h-03103FFh -peeprom_data=EEDATA -preset_vec=00h \
  -ppowerup=CODE,init -pramtop=01000h -psmallconst=SMALLCONST \
  -pmediumconst=MEDIUMCONST -pconst=CONST -AFARRAM=00h-00h \
  -prdata=COMRAM,nvrram=COMRAM,nvbit=COMRAM,rbss=COMRAM,rbit=COMRAM \
  -pfarbss=FARRAM,fardata=FARRAM,nvFARRAM=FARRAM \
  -pintsave_regs=BIGRAM,bigbss=BIGRAM,bigdata=BIGRAM -pbss=RAM \
  -pidata=CODE,irdata=CODE,ibigdata=CODE,ifardata=CODE -prparam=COMRAM \
  C:\Users\AULASI~1\AppData\Local\Temp\xcAsoo.o \
  dist/default/production\P3_SIN_I2C.X.production.o 

Object code version is 3.11

Machine type is 18F46K42



                Name                               Link     Load   Length Selector   Space Scale
C:\Users\AULASI~1\AppData\Local\Temp\xcAsoo.o
                idloc                            200000   200000       10        0       5
                config                           300000   300000        A        0       4
                init                               FFFC     FFFC        4     7FFE       0
                reset_vec                             0        0        4        0       0
dist/default/production\P3_SIN_I2C.X.production.o
                idloc                            200000   200000       10        0       5
                config                           300000   300000        A        0       4
                smallconst                         1000     1000       D2      800       0
                text91                             267A     267A      106      869       0
                text90                             3434     3434       22      869       0
                text89                             34DC     34DC       18      869       0
                text88                             28E6     28E6       A8      869       0
                text87                             3410     3410       24      869       0
                text86                             3652     3652        A     1AE6       0
                text85                             3648     3648        A     1AE6       0
                text84                             363E     363E        A     1AE6       0
                text83                             2E46     2E46       68      869       0
                text82                             35A4     35A4       16      869       0
                text81                             36DC     36DC        2     1AE6       0
                text80                             36DA     36DA        2     1AE6       0
                text79                             36D8     36D8        2     1AE6       0
                text78                             2ACE     2ACE       98      869       0
                text77                             358E     358E       16      869       0
                text76                             30E6     30E6       42      869       0
                text75                             2838     2838       AE      869       0
                text74                             3128     3128       40      869       0
                text73                             2780     2780       B8      869       0
                text72                             3684     3684        8     1AE6       0
                text71                             3614     3614        C     1AE6       0
                text70                             3474     3474       1E      869       0
                text69                             3398     3398       2C      869       0
                text68                             36C2     36C2        6     1AE6       0
                text67                             36BC     36BC        6     1AE6       0
                text66                             36B6     36B6        6     1AE6       0
                text65                             3578     3578       16      869       0
                text64                             3562     3562       16      869       0
                text63                             354C     354C       16      869       0
                text62                             2FB6     2FB6       52      869       0
                text61                             33EC     33EC       24      869       0
                text60                             2BF6     2BF6       82      869       0
                text59                             34C4     34C4       18      869       0
                text58                             336C     336C       2C      869       0
                text57                             3340     3340       2C      869       0
                text56                             3314     3314       2C      869       0
                text55                             32E8     32E8       2C      869       0
                text54                             32BC     32BC       2C      869       0
                text53                             3054     3054       4C      869       0
                text52                             3290     3290       2C      869       0
                text51                             3264     3264       2C      869       0
                text50                             3238     3238       2C      869       0
                text49                             3008     3008       4C      869       0
                text48                             36D4     36D4        4     1AE6       0
                text47                             36D0     36D0        4     1AE6       0
                text46                             3634     3634        A     1AE6       0
                text45                             36B0     36B0        6     1AE6       0
                text44                             36AA     36AA        6     1AE6       0
                text43                             362A     362A        A     1AE6       0
                text42                             3620     3620        A     1AE6       0
                text41                             36A4     36A4        6     1AE6       0
                text40                             3536     3536       16      869       0
                text39                             369E     369E        6     1AE6       0
                text38                             3698     3698        6     1AE6       0
                text37                             3692     3692        6     1AE6       0
                text36                             368C     368C        6     1AE6       0
                text35                             3520     3520       16      869       0
                text34                             350A     350A       16      869       0
                text33                             367C     367C        8     1AE6       0
                text32                             3608     3608        C     1AE6       0
                text31                             320A     320A       2E      869       0
                text30                             34F4     34F4       16      869       0
                text29                             2558     2558      122      869       0
                text28                             2A30     2A30       9E      869       0
                text27                             2C78     2C78       7C      869       0
                text26                             298E     298E       A2      869       0
                text25                             35FA     35FA        E     1AE6       0
                text24                             36CC     36CC        4     1AE6       0
                text23                             36C8     36C8        4     1AE6       0
                text22                             33C4     33C4       28      869       0
                text21                             3674     3674        8     1AE6       0
                text20                             35EC     35EC        E     1AE6       0
                text19                             366C     366C        8     1AE6       0
                text18                             35DC     35DC       10     1AE6       0
                text17                             2DDE     2DDE       68      869       0
                text16                             2D6E     2D6E       70      869       0
                text15                             35CC     35CC       10     1AE6       0
                text14                             2CF4     2CF4       7A      869       0
                text13                             2EAE     2EAE       5C      869       0
                text12                             3456     3456       1E      869       0
                text11                             2F64     2F64       52      869       0
                text10                             3664     3664        8     1AE6       0
                text9                              31DC     31DC       2E      869       0
                text8                              2B66     2B66       90      869       0
                text7                              30A0     30A0       46      869       0
                text6                              365C     365C        8     1AE6       0
                text5                              34AC     34AC       18      869       0
                text4                              2F0A     2F0A       5A      869       0
                text3                              3168     3168       3E      869       0
                text2                              10D2     10D2     11DC      869       0
                text1                              3492     3492       1A      869       0
                text0                              22AE     22AE      2AA      869       0
                cstackCOMRAM                          1        1       59        1       1
                cstackBANK0                          84       84       23       60       1
                cstackBANK1                         100      100       FF      100       1
                dataBANK0                            A7       A7       11       60       1
                bssBANK0                             60       60       24       60       1
                bssCOMRAM                            5E       5E        1        1       1
                cinit                              31A6     31A6       36      869       0
                nvBANK0                              B8       B8        2       60       1
                nvCOMRAM                             5A       5A        4        1       1
                idataBANK0                         35BA     35BA       11      869       0

TOTAL           Name                               Link     Load   Length     Space
        CLASS   CODE           
                init                               FFFC     FFFC        4         0
                reset_vec                             0        0        4         0
                text91                             267A     267A      106         0
                text90                             3434     3434       22         0
                text89                             34DC     34DC       18         0
                text88                             28E6     28E6       A8         0
                text87                             3410     3410       24         0
                text86                             3652     3652        A         0
                text85                             3648     3648        A         0
                text84                             363E     363E        A         0
                text83                             2E46     2E46       68         0
                text82                             35A4     35A4       16         0
                text81                             36DC     36DC        2         0
                text80                             36DA     36DA        2         0
                text79                             36D8     36D8        2         0
                text78                             2ACE     2ACE       98         0
                text77                             358E     358E       16         0
                text76                             30E6     30E6       42         0
                text75                             2838     2838       AE         0
                text74                             3128     3128       40         0
                text73                             2780     2780       B8         0
                text72                             3684     3684        8         0
                text71                             3614     3614        C         0
                text70                             3474     3474       1E         0
                text69                             3398     3398       2C         0
                text68                             36C2     36C2        6         0
                text67                             36BC     36BC        6         0
                text66                             36B6     36B6        6         0
                text65                             3578     3578       16         0
                text64                             3562     3562       16         0
                text63                             354C     354C       16         0
                text62                             2FB6     2FB6       52         0
                text61                             33EC     33EC       24         0
                text60                             2BF6     2BF6       82         0
                text59                             34C4     34C4       18         0
                text58                             336C     336C       2C         0
                text57                             3340     3340       2C         0
                text56                             3314     3314       2C         0
                text55                             32E8     32E8       2C         0
                text54                             32BC     32BC       2C         0
                text53                             3054     3054       4C         0
                text52                             3290     3290       2C         0
                text51                             3264     3264       2C         0
                text50                             3238     3238       2C         0
                text49                             3008     3008       4C         0
                text48                             36D4     36D4        4         0
                text47                             36D0     36D0        4         0
                text46                             3634     3634        A         0
                text45                             36B0     36B0        6         0
                text44                             36AA     36AA        6         0
                text43                             362A     362A        A         0
                text42                             3620     3620        A         0
                text41                             36A4     36A4        6         0
                text40                             3536     3536       16         0
                text39                             369E     369E        6         0
                text38                             3698     3698        6         0
                text37                             3692     3692        6         0
                text36                             368C     368C        6         0
                text35                             3520     3520       16         0
                text34                             350A     350A       16         0
                text33                             367C     367C        8         0
                text32                             3608     3608        C         0
                text31                             320A     320A       2E         0
                text30                             34F4     34F4       16         0
                text29                             2558     2558      122         0
                text28                             2A30     2A30       9E         0
                text27                             2C78     2C78       7C         0
                text26                             298E     298E       A2         0
                text25                             35FA     35FA        E         0
                text24                             36CC     36CC        4         0
                text23                             36C8     36C8        4         0
                text22                             33C4     33C4       28         0
                text21                             3674     3674        8         0
                text20                             35EC     35EC        E         0
                text19                             366C     366C        8         0
                text18                             35DC     35DC       10         0
                text17                             2DDE     2DDE       68         0
                text16                             2D6E     2D6E       70         0
                text15                             35CC     35CC       10         0
                text14                             2CF4     2CF4       7A         0
                text13                             2EAE     2EAE       5C         0
                text12                             3456     3456       1E         0
                text11                             2F64     2F64       52         0
                text10                             3664     3664        8         0
                text9                              31DC     31DC       2E         0
                text8                              2B66     2B66       90         0
                text7                              30A0     30A0       46         0
                text6                              365C     365C        8         0
                text5                              34AC     34AC       18         0
                text4                              2F0A     2F0A       5A         0
                text3                              3168     3168       3E         0
                text2                              10D2     10D2     11DC         0
                text1                              3492     3492       1A         0
                text0                              22AE     22AE      2AA         0
                cinit                              31A6     31A6       36         0
                idataBANK0                         35BA     35BA       11         0

        CLASS   CONST          

        CLASS   SMALLCONST     
                smallconst                         1000     1000       D2         0

        CLASS   MEDIUMCONST    

        CLASS   COMRAM         
                cstackCOMRAM                          1        1       59         1
                bssCOMRAM                            5E       5E        1         1
                nvCOMRAM                             5A       5A        4         1

        CLASS   ABS1           

        CLASS   BIGRAM         

        CLASS   RAM            

        CLASS   BANK0          
                cstackBANK0                          84       84       23         1
                dataBANK0                            A7       A7       11         1
                bssBANK0                             60       60       24         1
                nvBANK0                              B8       B8        2         1

        CLASS   BANK1          
                cstackBANK1                         100      100       FF         1

        CLASS   BANK2          

        CLASS   BANK3          

        CLASS   BANK4          

        CLASS   BANK5          

        CLASS   BANK6          

        CLASS   BANK7          

        CLASS   BANK8          

        CLASS   BANK9          

        CLASS   BANK10         

        CLASS   BANK11         

        CLASS   BANK12         

        CLASS   BANK13         

        CLASS   BANK14         

        CLASS   BANK15         

        CLASS   SFR            

        CLASS   BIGSFR         

        CLASS   CONFIG         
                config                           300000   300000        A         4

        CLASS   IDLOC          
                idloc                            200000   200000       10         5

        CLASS   EEDATA         

        CLASS   FARRAM         

        CLASS   HEAP           

        CLASS   STACK          



SEGMENTS        Name                           Load    Length   Top    Selector   Space  Class

                reset_vec                      000000  000004  000004         0       0  CODE    
                cstackCOMRAM                   000001  00005E  00005F         1       1  COMRAM  
                bssBANK0                       000060  00005A  0000BA        60       1  BANK0   
                cstackBANK1                    000100  0000FF  0001FF       100       1  BANK1   
                smallconst                     001000  0000D2  0010D2       800       0  SMALLCON
                text2                          0010D2  0024F9  0035CB       869       0  CODE    
                text15                         0035CC  000112  0036DE      1AE6       0  CODE    
                init                           00FFFC  000004  010000      7FFE       0  CODE    


UNUSED ADDRESS RANGES

        Name                Unused          Largest block    Delta
        BANK0            0000BA-0000FF               46
        BANK1            0001FF-0001FF                1
        BANK10           000A00-000AFF              100
        BANK11           000B00-000BFF              100
        BANK12           000C00-000CFF              100
        BANK13           000D00-000DFF              100
        BANK14           000E00-000EFF              100
        BANK15           000F00-000FFF              100
        BANK2            000200-0002FF              100
        BANK3            000300-0003FF              100
        BANK4            000400-0004FF              100
        BANK5            000500-0005FF              100
        BANK6            000600-0006FF              100
        BANK7            000700-0007FF              100
        BANK8            000800-0008FF              100
        BANK9            000900-0009FF              100
        BIGRAM           00005F-00005F                1
                         0000BA-0000FF               46
                         0001FF-000FFF              E01
        BIGSFR           003800-003FFF              800
        CODE             000004-000FFF              FFC
                         0035CB-0035CB                1
                         0036DE-00FFFB             C91E
        COMRAM           00005F-00005F                1
        CONST            000004-000FFF              FFC
                         0035CB-0035CB                1
                         0036DE-00FFFB             C91E
        EEDATA           310000-3103FF              400
        MEDIUMCONST      0035CB-0035CB                1
                         0036DE-00FFFB             C91E
        RAM              0000BA-0000FF               46
                         0001FF-000FFF              100
        SFR              003800-003FFF              100
        SMALLCONST       0035CB-0035CB                1
                         0036DE-00FFFB              100

                                  Symbol Table

?_cola_llena                                              cstackCOMRAM 000001
?_cola_vacia                                              cstackCOMRAM 000001
?_tam_cola                                                cstackCOMRAM 000001
I2C1_CallbackReturnReset@funPtr                           cstackCOMRAM 00000A
I2C1_Close@returnValue                                    cstackCOMRAM 000001
I2C1_DO_RX@retFsmState                                    cstackCOMRAM 000010
I2C1_DO_TX@dataTx                                         cstackCOMRAM 000010
I2C1_DO_TX@retFsmState                                    cstackCOMRAM 000011
I2C1_MasterOperation@read                                 cstackCOMRAM 000014
I2C1_MasterOperation@returnValue                          cstackCOMRAM 000015
I2C1_MasterSendTxData@data                                cstackCOMRAM 000001
I2C1_MasterSetCounter@counter                             cstackCOMRAM 000001
I2C1_Open@address                                         cstackCOMRAM 000001
I2C1_Open@returnValue                                     cstackCOMRAM 000002
I2C1_SetAddressNackCallback@cb                            cstackCOMRAM 000006
I2C1_SetAddressNackCallback@ptr                           cstackCOMRAM 000008
I2C1_SetBuffer@buffer                                     cstackCOMRAM 000001
I2C1_SetBuffer@bufferSize                                 cstackCOMRAM 000003
I2C1_SetCallback@cb                                       cstackCOMRAM 000001
I2C1_SetCallback@idx                                      cstackCOMRAM 000005
I2C1_SetCallback@ptr                                      cstackCOMRAM 000003
I2C1_SetDataCompleteCallback@cb                           cstackCOMRAM 000006
I2C1_SetDataCompleteCallback@ptr                          cstackCOMRAM 000008
I2CSIMPLE_example@F16297                                  dataBANK0    0000A7
Iniciarlizar@est                                          cstackCOMRAM 000001
Iniciarlizar@i                                            cstackCOMRAM 000005
Iniciarlizar@j                                            cstackCOMRAM 000007
UART1_SetErrorHandler@interruptHandler                    cstackCOMRAM 000001
UART1_SetFramingErrorHandler@interruptHandler             cstackCOMRAM 000001
UART1_SetOverrunErrorHandler@interruptHandler             cstackCOMRAM 000001
_ANSELA                                                   (abs)        003A40
_ANSELB                                                   (abs)        003A50
_ANSELC                                                   (abs)        003A60
_ANSELD                                                   (abs)        003A70
_ANSELE                                                   (abs)        003A80
_I2C1CLK                                                  (abs)        003D7B
_I2C1CNT                                                  (abs)        003D6C
_I2C1CON0                                                 (abs)        003D73
_I2C1CON0bits                                             (abs)        003D73
_I2C1CON1                                                 (abs)        003D74
_I2C1CON1bits                                             (abs)        003D74
_I2C1CON2                                                 (abs)        003D75
_I2C1ERR                                                  (abs)        003D76
_I2C1ERRbits                                              (abs)        003D76
_I2C1PIE                                                  (abs)        003D7A
_I2C1PIEbits                                              (abs)        003D7A
_I2C1PIR                                                  (abs)        003D79
_I2C1PIRbits                                              (abs)        003D79
_I2C1RXB                                                  (abs)        003D6A
_I2C1SCLPPS                                               (abs)        003AE1
_I2C1SDAPPS                                               (abs)        003AE2
_I2C1STAT1bits                                            (abs)        003D78
_I2C1TXB                                                  (abs)        003D6B
_I2C1_CallbackReturnReset                                 text47       0036D0
_I2C1_CallbackReturnStop                                  text48       0036D4
_I2C1_ClearInterruptFlags                                 text62       002FB6
_I2C1_Close                                               text69       003398
_I2C1_DO_ADDRESS_NACK                                     text17       002DDE
_I2C1_DO_BUS_COLLISION                                    text16       002D6E
_I2C1_DO_BUS_ERROR                                        text15       0035CC
_I2C1_DO_IDLE                                             text32       003608
_I2C1_DO_RESET                                            text18       0035DC
_I2C1_DO_RX                                               text28       002A30
_I2C1_DO_RX_ACK                                           text21       003674
_I2C1_DO_RX_EMPTY                                         text26       00298E
_I2C1_DO_RX_NACK_RESTART                                  text19       00366C
_I2C1_DO_RX_NACK_STOP                                     text20       0035EC
_I2C1_DO_SEND_ADR_READ                                    text31       00320A
_I2C1_DO_SEND_ADR_WRITE                                   text30       0034F4
_I2C1_DO_SEND_RESTART                                     text23       0036C8
_I2C1_DO_SEND_RESTART_READ                                text25       0035FA
_I2C1_DO_SEND_RESTART_WRITE                               text24       0036CC
_I2C1_DO_SEND_STOP                                        text22       0033C4
_I2C1_DO_TX                                               text29       002558
_I2C1_DO_TX$1176                                          cstackCOMRAM 00000E
_I2C1_DO_TX_ACK                                           text33       00367C
_I2C1_DO_TX_EMPTY                                         text27       002C78
_I2C1_Initialize                                          text90       003434
_I2C1_MasterClearCountFlag                                text68       0036C2
_I2C1_MasterClearIrq                                      text72       003684
_I2C1_MasterClearNackFlag                                 text67       0036BC
_I2C1_MasterClearStopFlag                                 text66       0036B6
_I2C1_MasterClose                                         text71       003614
_I2C1_MasterDisableIrq                                    text70       003474
_I2C1_MasterDisableRestart                                text45       0036B0
_I2C1_MasterEnableRestart                                 text44       0036AA
_I2C1_MasterFsm                                           text14       002CF4
_I2C1_MasterGetCounter                                    text36       00368C
_I2C1_MasterGetRxData                                     text41       0036A4
_I2C1_MasterIsCountFlagSet                                text65       003578
_I2C1_MasterIsNack                                        text35       003520
_I2C1_MasterIsNackFlagSet                                 text64       003562
_I2C1_MasterIsRxBufFull                                   text40       003536
_I2C1_MasterIsStopFlagSet                                 text63       00354C
_I2C1_MasterIsTxBufEmpty                                  text34       00350A
_I2C1_MasterOpen                                          text9        0031DC
_I2C1_MasterOperation                                     text11       002F64
_I2C1_MasterRead                                          text10       003664
_I2C1_MasterResetBus                                      text46       003634
_I2C1_MasterSendAck                                       text39       00369E
_I2C1_MasterSendNack                                      text38       003698
_I2C1_MasterSendTxData                                    text42       003620
_I2C1_MasterSetCounter                                    text43       00362A
_I2C1_MasterStop                                          text37       003692
_I2C1_MasterWaitForEvent                                  text13       002EAE
_I2C1_MasterWrite                                         text6        00365C
_I2C1_Open                                                text8        002B66
_I2C1_Poller                                              text12       003456
_I2C1_SetAddressNackCallback                              text5        0034AC
_I2C1_SetBuffer                                           text61       0033EC
_I2C1_SetCallback                                         text60       002BF6
_I2C1_SetDataCompleteCallback                             text59       0034C4
_I2C1_Status                                              bssBANK0     000060
_INLVLA                                                   (abs)        003A44
_INLVLB                                                   (abs)        003A54
_INLVLC                                                   (abs)        003A64
_INLVLD                                                   (abs)        003A74
_INLVLE                                                   (abs)        003A84
_Iniciarlizar                                             text91       00267A
_LATA                                                     (abs)        003FBA
_LATB                                                     (abs)        003FBB
_LATC                                                     (abs)        003FBC
_LATD                                                     (abs)        003FBD
_LATE                                                     (abs)        003FBE
_ODCONA                                                   (abs)        003A42
_ODCONB                                                   (abs)        003A52
_ODCONC                                                   (abs)        003A62
_ODCOND                                                   (abs)        003A72
_ODCONE                                                   (abs)        003A82
_OSCCON1                                                  (abs)        0039D9
_OSCCON3                                                  (abs)        0039DB
_OSCEN                                                    (abs)        0039DD
_OSCFRQ                                                   (abs)        0039DF
_OSCILLATOR_Initialize                                    text89       0034DC
_OSCTUNE                                                  (abs)        0039DE
_PIE2bits                                                 (abs)        003992
_PIE3bits                                                 (abs)        003993
_PIN_MANAGER_Initialize                                   text88       0028E6
_PIR2bits                                                 (abs)        0039A2
_PIR3bits                                                 (abs)        0039A3
_PMD0                                                     (abs)        0039C0
_PMD1                                                     (abs)        0039C1
_PMD2                                                     (abs)        0039C2
_PMD3                                                     (abs)        0039C3
_PMD4                                                     (abs)        0039C4
_PMD5                                                     (abs)        0039C5
_PMD6                                                     (abs)        0039C6
_PMD7                                                     (abs)        0039C7
_PMD_Initialize                                           text87       003410
_RB1I2C                                                   (abs)        003A5A
_RB1PPS                                                   (abs)        003A09
_RB2I2C                                                   (abs)        003A5B
_RB2PPS                                                   (abs)        003A0A
_RC3I2C                                                   (abs)        003A6A
_RC4I2C                                                   (abs)        003A6B
_RC6PPS                                                   (abs)        003A16
_RD0I2C                                                   (abs)        003A7A
_RD1I2C                                                   (abs)        003A7B
_SLRCONA                                                  (abs)        003A43
_SLRCONB                                                  (abs)        003A53
_SLRCONC                                                  (abs)        003A63
_SLRCOND                                                  (abs)        003A73
_SLRCONE                                                  (abs)        003A83
_SYSTEM_Initialize                                        text82       0035A4
_TRISA                                                    (abs)        003FC2
_TRISB                                                    (abs)        003FC3
_TRISC                                                    (abs)        003FC4
_TRISD                                                    (abs)        003FC5
_TRISE                                                    (abs)        003FC6
_U1BRGH                                                   (abs)        003DF6
_U1BRGL                                                   (abs)        003DF5
_U1CON0                                                   (abs)        003DF2
_U1CON0bits                                               (abs)        003DF2
_U1CON1                                                   (abs)        003DF3
_U1CON2                                                   (abs)        003DF4
_U1ERRIE                                                  (abs)        003DFA
_U1ERRIR                                                  (abs)        003DF9
_U1ERRIRbits                                              (abs)        003DF9
_U1FIFO                                                   (abs)        003DF7
_U1P1H                                                    (abs)        003DED
_U1P1L                                                    (abs)        003DEC
_U1P2H                                                    (abs)        003DEF
_U1P2L                                                    (abs)        003DEE
_U1P3H                                                    (abs)        003DF1
_U1P3L                                                    (abs)        003DF0
_U1RXB                                                    (abs)        003DE8
_U1RXPPS                                                  (abs)        003AE5
_U1TXB                                                    (abs)        003DEA
_U1UIR                                                    (abs)        003DF8
_UART1_DefaultErrorHandler                                text81       0036DC
_UART1_DefaultFramingErrorHandler                         text80       0036DA
_UART1_DefaultOverrunErrorHandler                         text79       0036D8
_UART1_ErrorHandler                                       nvBANK0      0000B8
_UART1_FramingErrorHandler                                nvCOMRAM     00005C
_UART1_Initialize                                         text83       002E46
_UART1_OverrunErrorHandler                                nvCOMRAM     00005A
_UART1_Read                                               text78       002ACE
_UART1_SetErrorHandler                                    text86       003652
_UART1_SetFramingErrorHandler                             text85       003648
_UART1_SetOverrunErrorHandler                             text84       00363E
_UART1_is_rx_ready                                        text77       00358E
_WPUA                                                     (abs)        003A41
_WPUB                                                     (abs)        003A51
_WPUC                                                     (abs)        003A61
_WPUD                                                     (abs)        003A71
_WPUE                                                     (abs)        003A81
__HRAM                                                    (abs)        000000
__Habs1                                                   abs1         000000
__Hbank0                                                  bank0        000000
__Hbank1                                                  bank1        000000
__Hbank10                                                 bank10       000000
__Hbank11                                                 bank11       000000
__Hbank12                                                 bank12       000000
__Hbank13                                                 bank13       000000
__Hbank14                                                 bank14       000000
__Hbank15                                                 bank15       000000
__Hbank2                                                  bank2        000000
__Hbank3                                                  bank3        000000
__Hbank4                                                  bank4        000000
__Hbank5                                                  bank5        000000
__Hbank6                                                  bank6        000000
__Hbank7                                                  bank7        000000
__Hbank8                                                  bank8        000000
__Hbank9                                                  bank9        000000
__Hbigbss                                                 bigbss       000000
__Hbigdata                                                bigdata      000000
__Hbigram                                                 bigram       000000
__Hbigsfr                                                 bigsfr       000000
__Hbss                                                    bss          000000
__HbssBANK0                                               bssBANK0     000000
__HbssCOMRAM                                              bssCOMRAM    000000
__Hcinit                                                  cinit        000000
__Hclrtext                                                clrtext      000000
__Hcomram                                                 comram       000000
__Hconfig                                                 config       30000A
__Hconst                                                  const        000000
__HcstackBANK0                                            cstackBANK0  000000
__HcstackBANK1                                            cstackBANK1  000000
__HcstackCOMRAM                                           cstackCOMRAM 000000
__Hdata                                                   data         000000
__HdataBANK0                                              dataBANK0    000000
__Heeprom_data                                            eeprom_data  000000
__Hfarbss                                                 farbss       000000
__Hfardata                                                fardata      000000
__Hheap                                                   heap         000000
__Hibigdata                                               ibigdata     000000
__Hidata                                                  idata        000000
__HidataBANK0                                             idataBANK0   000000
__Hidloc                                                  idloc        200010
__Hifardata                                               ifardata     000000
__Hinit                                                   init         010000
__Hintsave_regs                                           intsave_regs 000000
__Hirdata                                                 irdata       000000
__Hmediumconst                                            mediumconst  000000
__HnvBANK0                                                nvBANK0      000000
__HnvCOMRAM                                               nvCOMRAM     000000
__HnvFARRAM                                               nvFARRAM     000000
__Hnvbit                                                  nvbit        000000
__Hnvrram                                                 nvrram       000000
__Hparam                                                  rparam       000000
__Hpowerup                                                powerup      000000
__Hram                                                    ram          000000
__Hramtop                                                 ramtop       001000
__Hrbit                                                   rbit         000000
__Hrbss                                                   rbss         000000
__Hrdata                                                  rdata        000000
__Hreset_vec                                              reset_vec    000004
__Hrparam                                                 rparam       000000
__Hsfr                                                    sfr          000000
__Hsmallconst                                             smallconst   0010D2
__Hspace_0                                                (abs)        010000
__Hspace_1                                                (abs)        0001FF
__Hspace_2                                                (abs)        000000
__Hspace_4                                                (abs)        60000A
__Hstack                                                  stack        000000
__Hstruct                                                 struct       000000
__Htemp                                                   temp         000000
__Htext                                                   text         000000
__Htext0                                                  text0        000000
__Htext1                                                  text1        000000
__Htext10                                                 text10       000000
__Htext11                                                 text11       000000
__Htext12                                                 text12       000000
__Htext13                                                 text13       000000
__Htext14                                                 text14       000000
__Htext15                                                 text15       000000
__Htext16                                                 text16       000000
__Htext17                                                 text17       000000
__Htext18                                                 text18       000000
__Htext19                                                 text19       000000
__Htext2                                                  text2        000000
__Htext20                                                 text20       000000
__Htext21                                                 text21       000000
__Htext22                                                 text22       000000
__Htext23                                                 text23       000000
__Htext24                                                 text24       000000
__Htext25                                                 text25       000000
__Htext26                                                 text26       000000
__Htext27                                                 text27       000000
__Htext28                                                 text28       000000
__Htext29                                                 text29       000000
__Htext3                                                  text3        000000
__Htext30                                                 text30       000000
__Htext31                                                 text31       000000
__Htext32                                                 text32       000000
__Htext33                                                 text33       000000
__Htext34                                                 text34       000000
__Htext35                                                 text35       000000
__Htext36                                                 text36       000000
__Htext37                                                 text37       000000
__Htext38                                                 text38       000000
__Htext39                                                 text39       000000
__Htext4                                                  text4        000000
__Htext40                                                 text40       000000
__Htext41                                                 text41       000000
__Htext42                                                 text42       000000
__Htext43                                                 text43       000000
__Htext44                                                 text44       000000
__Htext45                                                 text45       000000
__Htext46                                                 text46       000000
__Htext47                                                 text47       000000
__Htext48                                                 text48       000000
__Htext49                                                 text49       000000
__Htext5                                                  text5        000000
__Htext50                                                 text50       000000
__Htext51                                                 text51       000000
__Htext52                                                 text52       000000
__Htext53                                                 text53       000000
__Htext54                                                 text54       000000
__Htext55                                                 text55       000000
__Htext56                                                 text56       000000
__Htext57                                                 text57       000000
__Htext58                                                 text58       000000
__Htext59                                                 text59       000000
__Htext6                                                  text6        000000
__Htext60                                                 text60       000000
__Htext61                                                 text61       000000
__Htext62                                                 text62       000000
__Htext63                                                 text63       000000
__Htext64                                                 text64       000000
__Htext65                                                 text65       000000
__Htext66                                                 text66       000000
__Htext67                                                 text67       000000
__Htext68                                                 text68       000000
__Htext69                                                 text69       000000
__Htext7                                                  text7        000000
__Htext70                                                 text70       000000
__Htext71                                                 text71       000000
__Htext72                                                 text72       000000
__Htext73                                                 text73       000000
__Htext74                                                 text74       000000
__Htext75                                                 text75       000000
__Htext76                                                 text76       000000
__Htext77                                                 text77       000000
__Htext78                                                 text78       000000
__Htext79                                                 text79       000000
__Htext8                                                  text8        000000
__Htext80                                                 text80       000000
__Htext81                                                 text81       000000
__Htext82                                                 text82       000000
__Htext83                                                 text83       000000
__Htext84                                                 text84       000000
__Htext85                                                 text85       000000
__Htext86                                                 text86       000000
__Htext87                                                 text87       000000
__Htext88                                                 text88       000000
__Htext89                                                 text89       000000
__Htext9                                                  text9        000000
__Htext90                                                 text90       000000
__Htext91                                                 text91       000000
__Htext92                                                 text92       000000
__LRAM                                                    (abs)        000001
__Labs1                                                   abs1         000000
__Lbank0                                                  bank0        000000
__Lbank1                                                  bank1        000000
__Lbank10                                                 bank10       000000
__Lbank11                                                 bank11       000000
__Lbank12                                                 bank12       000000
__Lbank13                                                 bank13       000000
__Lbank14                                                 bank14       000000
__Lbank15                                                 bank15       000000
__Lbank2                                                  bank2        000000
__Lbank3                                                  bank3        000000
__Lbank4                                                  bank4        000000
__Lbank5                                                  bank5        000000
__Lbank6                                                  bank6        000000
__Lbank7                                                  bank7        000000
__Lbank8                                                  bank8        000000
__Lbank9                                                  bank9        000000
__Lbigbss                                                 bigbss       000000
__Lbigdata                                                bigdata      000000
__Lbigram                                                 bigram       000000
__Lbigsfr                                                 bigsfr       000000
__Lbss                                                    bss          000000
__LbssBANK0                                               bssBANK0     000000
__LbssCOMRAM                                              bssCOMRAM    000000
__Lcinit                                                  cinit        000000
__Lclrtext                                                clrtext      000000
__Lcomram                                                 comram       000000
__Lconfig                                                 config       000000
__Lconst                                                  const        000000
__LcstackBANK0                                            cstackBANK0  000000
__LcstackBANK1                                            cstackBANK1  000000
__LcstackCOMRAM                                           cstackCOMRAM 000000
__Ldata                                                   data         000000
__LdataBANK0                                              dataBANK0    000000
__Leeprom_data                                            eeprom_data  000000
__Lfarbss                                                 farbss       000000
__Lfardata                                                fardata      000000
__Lheap                                                   heap         000000
__Libigdata                                               ibigdata     000000
__Lidata                                                  idata        000000
__LidataBANK0                                             idataBANK0   000000
__Lidloc                                                  idloc        000000
__Lifardata                                               ifardata     000000
__Linit                                                   init         00FFFC
__Lintsave_regs                                           intsave_regs 000000
__Lirdata                                                 irdata       000000
__Lmediumconst                                            mediumconst  000000
__LnvBANK0                                                nvBANK0      000000
__LnvCOMRAM                                               nvCOMRAM     000000
__LnvFARRAM                                               nvFARRAM     000000
__Lnvbit                                                  nvbit        000000
__Lnvrram                                                 nvrram       000000
__Lparam                                                  rparam       000000
__Lpowerup                                                powerup      000000
__Lram                                                    ram          000000
__Lramtop                                                 ramtop       001000
__Lrbit                                                   rbit         000000
__Lrbss                                                   rbss         000000
__Lrdata                                                  rdata        000000
__Lreset_vec                                              reset_vec    000000
__Lrparam                                                 rparam       000000
__Lsfr                                                    sfr          000000
__Lsmallconst                                             smallconst   001000
__Lspace_0                                                (abs)        000000
__Lspace_1                                                (abs)        000000
__Lspace_2                                                (abs)        000000
__Lspace_4                                                (abs)        000000
__Lstack                                                  stack        000000
__Lstruct                                                 struct       000000
__Ltemp                                                   temp         000000
__Ltext                                                   text         000000
__Ltext0                                                  text0        000000
__Ltext1                                                  text1        000000
__Ltext10                                                 text10       000000
__Ltext11                                                 text11       000000
__Ltext12                                                 text12       000000
__Ltext13                                                 text13       000000
__Ltext14                                                 text14       000000
__Ltext15                                                 text15       000000
__Ltext16                                                 text16       000000
__Ltext17                                                 text17       000000
__Ltext18                                                 text18       000000
__Ltext19                                                 text19       000000
__Ltext2                                                  text2        000000
__Ltext20                                                 text20       000000
__Ltext21                                                 text21       000000
__Ltext22                                                 text22       000000
__Ltext23                                                 text23       000000
__Ltext24                                                 text24       000000
__Ltext25                                                 text25       000000
__Ltext26                                                 text26       000000
__Ltext27                                                 text27       000000
__Ltext28                                                 text28       000000
__Ltext29                                                 text29       000000
__Ltext3                                                  text3        000000
__Ltext30                                                 text30       000000
__Ltext31                                                 text31       000000
__Ltext32                                                 text32       000000
__Ltext33                                                 text33       000000
__Ltext34                                                 text34       000000
__Ltext35                                                 text35       000000
__Ltext36                                                 text36       000000
__Ltext37                                                 text37       000000
__Ltext38                                                 text38       000000
__Ltext39                                                 text39       000000
__Ltext4                                                  text4        000000
__Ltext40                                                 text40       000000
__Ltext41                                                 text41       000000
__Ltext42                                                 text42       000000
__Ltext43                                                 text43       000000
__Ltext44                                                 text44       000000
__Ltext45                                                 text45       000000
__Ltext46                                                 text46       000000
__Ltext47                                                 text47       000000
__Ltext48                                                 text48       000000
__Ltext49                                                 text49       000000
__Ltext5                                                  text5        000000
__Ltext50                                                 text50       000000
__Ltext51                                                 text51       000000
__Ltext52                                                 text52       000000
__Ltext53                                                 text53       000000
__Ltext54                                                 text54       000000
__Ltext55                                                 text55       000000
__Ltext56                                                 text56       000000
__Ltext57                                                 text57       000000
__Ltext58                                                 text58       000000
__Ltext59                                                 text59       000000
__Ltext6                                                  text6        000000
__Ltext60                                                 text60       000000
__Ltext61                                                 text61       000000
__Ltext62                                                 text62       000000
__Ltext63                                                 text63       000000
__Ltext64                                                 text64       000000
__Ltext65                                                 text65       000000
__Ltext66                                                 text66       000000
__Ltext67                                                 text67       000000
__Ltext68                                                 text68       000000
__Ltext69                                                 text69       000000
__Ltext7                                                  text7        000000
__Ltext70                                                 text70       000000
__Ltext71                                                 text71       000000
__Ltext72                                                 text72       000000
__Ltext73                                                 text73       000000
__Ltext74                                                 text74       000000
__Ltext75                                                 text75       000000
__Ltext76                                                 text76       000000
__Ltext77                                                 text77       000000
__Ltext78                                                 text78       000000
__Ltext79                                                 text79       000000
__Ltext8                                                  text8        000000
__Ltext80                                                 text80       000000
__Ltext81                                                 text81       000000
__Ltext82                                                 text82       000000
__Ltext83                                                 text83       000000
__Ltext84                                                 text84       000000
__Ltext85                                                 text85       000000
__Ltext86                                                 text86       000000
__Ltext87                                                 text87       000000
__Ltext88                                                 text88       000000
__Ltext89                                                 text89       000000
__Ltext9                                                  text9        000000
__Ltext90                                                 text90       000000
__Ltext91                                                 text91       000000
__Ltext92                                                 text92       000000
__S0                                                      (abs)        010000
__S1                                                      (abs)        0001FF
__S4                                                      (abs)        000000
__S5                                                      (abs)        000000
___heap_hi                                                (abs)        000000
___heap_lo                                                (abs)        000000
___inthi_sp                                               stack        000000
___intlo_sp                                               stack        000000
___param_bank                                             (abs)        000000
___rparam_used                                            (abs)        000001
___sp                                                     stack        000000
__accesstop                                               (abs)        000060
__activetblptr                                            (abs)        000003
__end_of_I2C1_CallbackReturnReset                         text47       0036D4
__end_of_I2C1_CallbackReturnStop                          text48       0036D8
__end_of_I2C1_ClearInterruptFlags                         text62       003008
__end_of_I2C1_Close                                       text69       0033C4
__end_of_I2C1_DO_ADDRESS_NACK                             text17       002E46
__end_of_I2C1_DO_BUS_COLLISION                            text16       002DDE
__end_of_I2C1_DO_BUS_ERROR                                text15       0035DC
__end_of_I2C1_DO_IDLE                                     text32       003614
__end_of_I2C1_DO_RESET                                    text18       0035EC
__end_of_I2C1_DO_RX                                       text28       002ACE
__end_of_I2C1_DO_RX_ACK                                   text21       00367C
__end_of_I2C1_DO_RX_EMPTY                                 text26       002A30
__end_of_I2C1_DO_RX_NACK_RESTART                          text19       003674
__end_of_I2C1_DO_RX_NACK_STOP                             text20       0035FA
__end_of_I2C1_DO_SEND_ADR_READ                            text31       003238
__end_of_I2C1_DO_SEND_ADR_WRITE                           text30       00350A
__end_of_I2C1_DO_SEND_RESTART                             text23       0036CC
__end_of_I2C1_DO_SEND_RESTART_READ                        text25       003608
__end_of_I2C1_DO_SEND_RESTART_WRITE                       text24       0036D0
__end_of_I2C1_DO_SEND_STOP                                text22       0033EC
__end_of_I2C1_DO_TX                                       text29       00267A
__end_of_I2C1_DO_TX_ACK                                   text33       003684
__end_of_I2C1_DO_TX_EMPTY                                 text27       002CF4
__end_of_I2C1_Initialize                                  text90       003456
__end_of_I2C1_MasterClearCountFlag                        text68       0036C8
__end_of_I2C1_MasterClearIrq                              text72       00368C
__end_of_I2C1_MasterClearNackFlag                         text67       0036C2
__end_of_I2C1_MasterClearStopFlag                         text66       0036BC
__end_of_I2C1_MasterClose                                 text71       003620
__end_of_I2C1_MasterDisableIrq                            text70       003492
__end_of_I2C1_MasterDisableRestart                        text45       0036B6
__end_of_I2C1_MasterEnableRestart                         text44       0036B0
__end_of_I2C1_MasterFsm                                   text14       002D6E
__end_of_I2C1_MasterGetCounter                            text36       003692
__end_of_I2C1_MasterGetRxData                             text41       0036AA
__end_of_I2C1_MasterIsCountFlagSet                        text65       00358E
__end_of_I2C1_MasterIsNack                                text35       003536
__end_of_I2C1_MasterIsNackFlagSet                         text64       003578
__end_of_I2C1_MasterIsRxBufFull                           text40       00354C
__end_of_I2C1_MasterIsStopFlagSet                         text63       003562
__end_of_I2C1_MasterIsTxBufEmpty                          text34       003520
__end_of_I2C1_MasterOpen                                  text9        00320A
__end_of_I2C1_MasterOperation                             text11       002FB6
__end_of_I2C1_MasterRead                                  text10       00366C
__end_of_I2C1_MasterResetBus                              text46       00363E
__end_of_I2C1_MasterSendAck                               text39       0036A4
__end_of_I2C1_MasterSendNack                              text38       00369E
__end_of_I2C1_MasterSendTxData                            text42       00362A
__end_of_I2C1_MasterSetCounter                            text43       003634
__end_of_I2C1_MasterStop                                  text37       003698
__end_of_I2C1_MasterWaitForEvent                          text13       002F0A
__end_of_I2C1_MasterWrite                                 text6        003664
__end_of_I2C1_Open                                        text8        002BF6
__end_of_I2C1_Poller                                      text12       003474
__end_of_I2C1_SetAddressNackCallback                      text5        0034C4
__end_of_I2C1_SetBuffer                                   text61       003410
__end_of_I2C1_SetCallback                                 text60       002C78
__end_of_I2C1_SetDataCompleteCallback                     text59       0034DC
__end_of_Iniciarlizar                                     text91       002780
__end_of_OSCILLATOR_Initialize                            text89       0034F4
__end_of_PIN_MANAGER_Initialize                           text88       00298E
__end_of_PMD_Initialize                                   text87       003434
__end_of_SYSTEM_Initialize                                text82       0035BA
__end_of_UART1_DefaultErrorHandler                        text81       0036DE
__end_of_UART1_DefaultFramingErrorHandler                 text80       0036DC
__end_of_UART1_DefaultOverrunErrorHandler                 text79       0036DA
__end_of_UART1_Initialize                                 text83       002EAE
__end_of_UART1_Read                                       text78       002B66
__end_of_UART1_SetErrorHandler                            text86       00365C
__end_of_UART1_SetFramingErrorHandler                     text85       003652
__end_of_UART1_SetOverrunErrorHandler                     text84       003648
__end_of_UART1_is_rx_ready                                text77       0035A4
__end_of__initialization                                  cinit        0031D6
__end_of_cola_add                                         text75       0028E6
__end_of_cola_get                                         text73       002838
__end_of_cola_llena                                       text76       003128
__end_of_cola_vacia                                       text74       003168
__end_of_i2c1_fsmStateTable                               smallconst   001027
__end_of_i2c_readNBytes                                   text7        0030E6
__end_of_i2c_writeNBytes                                  text4        002F64
__end_of_inicie_cola                                      text3        0031A6
__end_of_lectura                                          text2        0022AE
__end_of_main                                             text0        002558
__end_of_rd1RegCompleteHandler                            text56       003340
__end_of_rd1RegCompleteHandler@i2c1_master_example$F145   text52       0032BC
__end_of_rd2RegCompleteHandler                            text55       003314
__end_of_rd2RegCompleteHandler@i2c1_master_example$F156   text51       003290
__end_of_rdBlkRegCompleteHandler                          text53       0030A0
__end_of_rdBlkRegCompleteHandler@i2c1_master_example$F179 text49       003054
__end_of_tam_cola                                         text1        0034AC
__end_of_wr1RegCompleteHandler                            text57       00336C
__end_of_wr1RegCompleteHandler@i2c1_master_example$F162   text50       003264
__end_of_wr2RegCompleteHandler                            text54       0032E8
__end_of_wr2RegCompleteHandler@i2c1_master_example$F168   text58       003398
__initialization                                          cinit        0031A6
__mediumconst                                             mediumconst  000000
__pbssBANK0                                               bssBANK0     000060
__pbssCOMRAM                                              bssCOMRAM    00005E
__pcinit                                                  cinit        0031A6
__pcstackBANK0                                            cstackBANK0  000084
__pcstackBANK1                                            cstackBANK1  000100
__pcstackCOMRAM                                           cstackCOMRAM 000001
__pdataBANK0                                              dataBANK0    0000A7
__pidataBANK0                                             idataBANK0   0035BA
__pnvBANK0                                                nvBANK0      0000B8
__pnvCOMRAM                                               nvCOMRAM     00005A
__psmallconst                                             smallconst   001000
__ptext0                                                  text0        0022AE
__ptext1                                                  text1        003492
__ptext10                                                 text10       003664
__ptext11                                                 text11       002F64
__ptext12                                                 text12       003456
__ptext13                                                 text13       002EAE
__ptext14                                                 text14       002CF4
__ptext15                                                 text15       0035CC
__ptext16                                                 text16       002D6E
__ptext17                                                 text17       002DDE
__ptext18                                                 text18       0035DC
__ptext19                                                 text19       00366C
__ptext2                                                  text2        0010D2
__ptext20                                                 text20       0035EC
__ptext21                                                 text21       003674
__ptext22                                                 text22       0033C4
__ptext23                                                 text23       0036C8
__ptext24                                                 text24       0036CC
__ptext25                                                 text25       0035FA
__ptext26                                                 text26       00298E
__ptext27                                                 text27       002C78
__ptext28                                                 text28       002A30
__ptext29                                                 text29       002558
__ptext3                                                  text3        003168
__ptext30                                                 text30       0034F4
__ptext31                                                 text31       00320A
__ptext32                                                 text32       003608
__ptext33                                                 text33       00367C
__ptext34                                                 text34       00350A
__ptext35                                                 text35       003520
__ptext36                                                 text36       00368C
__ptext37                                                 text37       003692
__ptext38                                                 text38       003698
__ptext39                                                 text39       00369E
__ptext4                                                  text4        002F0A
__ptext40                                                 text40       003536
__ptext41                                                 text41       0036A4
__ptext42                                                 text42       003620
__ptext43                                                 text43       00362A
__ptext44                                                 text44       0036AA
__ptext45                                                 text45       0036B0
__ptext46                                                 text46       003634
__ptext47                                                 text47       0036D0
__ptext48                                                 text48       0036D4
__ptext49                                                 text49       003008
__ptext5                                                  text5        0034AC
__ptext50                                                 text50       003238
__ptext51                                                 text51       003264
__ptext52                                                 text52       003290
__ptext53                                                 text53       003054
__ptext54                                                 text54       0032BC
__ptext55                                                 text55       0032E8
__ptext56                                                 text56       003314
__ptext57                                                 text57       003340
__ptext58                                                 text58       00336C
__ptext59                                                 text59       0034C4
__ptext6                                                  text6        00365C
__ptext60                                                 text60       002BF6
__ptext61                                                 text61       0033EC
__ptext62                                                 text62       002FB6
__ptext63                                                 text63       00354C
__ptext64                                                 text64       003562
__ptext65                                                 text65       003578
__ptext66                                                 text66       0036B6
__ptext67                                                 text67       0036BC
__ptext68                                                 text68       0036C2
__ptext69                                                 text69       003398
__ptext7                                                  text7        0030A0
__ptext70                                                 text70       003474
__ptext71                                                 text71       003614
__ptext72                                                 text72       003684
__ptext73                                                 text73       002780
__ptext74                                                 text74       003128
__ptext75                                                 text75       002838
__ptext76                                                 text76       0030E6
__ptext77                                                 text77       00358E
__ptext78                                                 text78       002ACE
__ptext79                                                 text79       0036D8
__ptext8                                                  text8        002B66
__ptext80                                                 text80       0036DA
__ptext81                                                 text81       0036DC
__ptext82                                                 text82       0035A4
__ptext83                                                 text83       002E46
__ptext84                                                 text84       00363E
__ptext85                                                 text85       003648
__ptext86                                                 text86       003652
__ptext87                                                 text87       003410
__ptext88                                                 text88       0028E6
__ptext89                                                 text89       0034DC
__ptext9                                                  text9        0031DC
__ptext90                                                 text90       003434
__ptext91                                                 text91       00267A
__ptext92                                                 text92       000000
__ramtop                                                  ramtop       001000
__smallconst                                              smallconst   001000
_cola_add                                                 text75       002838
_cola_get                                                 text73       002780
_cola_llena                                               text76       0030E6
_cola_vacia                                               text74       003128
_i2c1_fsmStateTable                                       smallconst   001001
_i2c_readNBytes                                           text7        0030A0
_i2c_writeNBytes                                          text4        002F0A
_inicie_cola                                              text3        003168
_lectura                                                  text2        0010D2
_main                                                     text0        0022AE
_rd1RegCompleteHandler                                    text56       003314
_rd1RegCompleteHandler@i2c1_master_example$F145           text52       003290
_rd2RegCompleteHandler                                    text55       0032E8
_rd2RegCompleteHandler@i2c1_master_example$F156           text51       003264
_rdBlkRegCompleteHandler                                  text53       003054
_rdBlkRegCompleteHandler@i2c1_master_example$F179         text49       003008
_tam_cola                                                 text1        003492
_uart1RxLastError                                         bssCOMRAM    00005E
_wr1RegCompleteHandler                                    text57       003340
_wr1RegCompleteHandler@i2c1_master_example$F162           text50       003238
_wr2RegCompleteHandler                                    text54       0032BC
_wr2RegCompleteHandler@i2c1_master_example$F168           text58       00336C
cola_add@c                                                cstackCOMRAM 000005
cola_add@dato                                             cstackCOMRAM 000007
cola_get@c                                                cstackCOMRAM 000005
cola_get@temp                                             cstackCOMRAM 000009
cola_llena@c                                              cstackCOMRAM 000001
cola_vacia@c                                              cstackCOMRAM 000001
end_of_initialization                                     cinit        0031D6
i2c_readNBytes@address                                    cstackCOMRAM 00001A
i2c_readNBytes@data                                       cstackCOMRAM 000016
i2c_readNBytes@len                                        cstackCOMRAM 000018
i2c_writeNBytes@address                                   cstackCOMRAM 00001A
i2c_writeNBytes@data                                      cstackCOMRAM 000016
i2c_writeNBytes@len                                       cstackCOMRAM 000018
inicie_cola@c                                             cstackCOMRAM 000001
intlevel0                                                 text         000000
intlevel1                                                 text         000000
intlevel2                                                 text         000000
intlevel3                                                 text         000000
isa$std                                                   (abs)        000001
isa$xinst                                                 (abs)        000000
lectura@est                                               cstackCOMRAM 00000A
lectura@lectura                                           cstackCOMRAM 000011
main@cola                                                 cstackCOMRAM 000036
main@datosEnvio                                           cstackCOMRAM 000021
main@datosRecibidos                                       cstackBANK1  000100
main@est                                                  cstackBANK0  000084
main@guardar                                              cstackCOMRAM 000033
main@i                                                    cstackCOMRAM 00001F
main@i_1492                                               cstackCOMRAM 000034
rd1RegCompleteHandler@i2c1_master_example$F145@ptr        cstackCOMRAM 00000A
rd1RegCompleteHandler@p                                   cstackCOMRAM 00000A
rd2RegCompleteHandler@i2c1_master_example$F156@ptr        cstackCOMRAM 00000A
rd2RegCompleteHandler@p                                   cstackCOMRAM 00000A
rdBlkRegCompleteHandler@i2c1_master_example$F179@ptr      cstackCOMRAM 00000A
rdBlkRegCompleteHandler@p                                 cstackCOMRAM 00000A
stackhi                                                   (abs)        000000
stacklo                                                   (abs)        000000
start                                                     init         00FFFC
start_initialization                                      cinit        0031A6
tam_cola@c                                                cstackCOMRAM 000001
wr1RegCompleteHandler@i2c1_master_example$F162@ptr        cstackCOMRAM 00000A
wr1RegCompleteHandler@p                                   cstackCOMRAM 00000A
wr2RegCompleteHandler@i2c1_master_example$F168@ptr        cstackCOMRAM 00000A
wr2RegCompleteHandler@p                                   cstackCOMRAM 00000A


MODULE INFORMATION

Module		Function		Class		Link	Load	Size
mcc_generated_files/examples/i2c1_master_example.c
		_rdBlkRegCompleteHandler@i2c1_master_example$F179		CODE           	3008	0000	76
		_rd1RegCompleteHandler@i2c1_master_example$F145		CODE           	3290	0000	44
		_rd2RegCompleteHandler@i2c1_master_example$F156		CODE           	3264	0000	44
		_wr1RegCompleteHandler@i2c1_master_example$F162		CODE           	3238	0000	44
		_wr2RegCompleteHandler@i2c1_master_example$F168		CODE           	336C	0000	44

mcc_generated_files/examples/i2c1_master_example.c estimated size: 252

mcc_generated_files/i2c1_master.c
		_I2C1_DO_SEND_RESTART		CODE           	36C8	0000	4
		_I2C1_MasterIsNackFlagSet		CODE           	3562	0000	22
		_I2C1_DO_RX_EMPTY		CODE           	298E	0000	162
		_I2C1_DO_TX_EMPTY		CODE           	2C78	0000	124
		_I2C1_DO_SEND_RESTART_READ		CODE           	35FA	0000	14
		_I2C1_MasterClearNackFlag		CODE           	36BC	0000	6
		_I2C1_CallbackReturnStop		CODE           	36D4	0000	4
		_I2C1_MasterRead		CODE           	3664	0000	8
		_I2C1_DO_RX    		CODE           	2A30	0000	158
		_I2C1_DO_TX    		CODE           	2558	0000	290
		_I2C1_SetAddressNackCallback		CODE           	34AC	0000	24
		_I2C1_DO_IDLE  		CODE           	3608	0000	12
		_I2C1_MasterOpen		CODE           	31DC	0000	46
		_I2C1_MasterSendTxData		CODE           	3620	0000	10
		_I2C1_MasterStop		CODE           	3692	0000	6
		_I2C1_MasterIsStopFlagSet		CODE           	354C	0000	22
		_I2C1_CallbackReturnReset		CODE           	36D0	0000	4
		_I2C1_DO_RESET 		CODE           	35DC	0000	16
		_I2C1_Poller   		CODE           	3456	0000	30
		_I2C1_DO_RX_ACK		CODE           	3674	0000	8
		_I2C1_DO_TX_ACK		CODE           	367C	0000	8
		_I2C1_MasterWaitForEvent		CODE           	2EAE	0000	92
		_I2C1_MasterSendNack		CODE           	3698	0000	6
		_I2C1_DO_RX_NACK_RESTART		CODE           	366C	0000	8
		_I2C1_MasterDisableIrq		CODE           	3474	0000	30
		_I2C1_ClearInterruptFlags		CODE           	2FB6	0000	82
		_I2C1_MasterOperation		CODE           	2F64	0000	82
		_I2C1_MasterClearStopFlag		CODE           	36B6	0000	6
		_I2C1_SetCallback		CODE           	2BF6	0000	130
		_I2C1_MasterEnableRestart		CODE           	36AA	0000	6
		_I2C1_MasterGetCounter		CODE           	368C	0000	6
		_I2C1_MasterSetCounter		CODE           	362A	0000	10
		_I2C1_Open     		CODE           	2B66	0000	144
		_I2C1_DO_ADDRESS_NACK		CODE           	2DDE	0000	104
		_I2C1_MasterDisableRestart		CODE           	36B0	0000	6
		_I2C1_MasterClearCountFlag		CODE           	36C2	0000	6
		_I2C1_SetBuffer		CODE           	33EC	0000	36
		_I2C1_DO_SEND_RESTART_WRITE		CODE           	36CC	0000	4
		_I2C1_MasterIsTxBufEmpty		CODE           	350A	0000	22
		_I2C1_MasterClose		CODE           	3614	0000	12
		_I2C1_MasterWrite		CODE           	365C	0000	8
		_I2C1_Initialize		CODE           	3434	0000	34
		_I2C1_Close    		CODE           	3398	0000	44
		_I2C1_MasterIsRxBufFull		CODE           	3536	0000	22
		_I2C1_MasterIsNack		CODE           	3520	0000	22
		_I2C1_DO_SEND_ADR_WRITE		CODE           	34F4	0000	22
		_I2C1_MasterClearIrq		CODE           	3684	0000	8
		_I2C1_SetDataCompleteCallback		CODE           	34C4	0000	24
		_I2C1_DO_SEND_STOP		CODE           	33C4	0000	40
		_I2C1_DO_BUS_COLLISION		CODE           	2D6E	0000	112
		_I2C1_DO_BUS_ERROR		CODE           	35CC	0000	16
		_I2C1_MasterSendAck		CODE           	369E	0000	6
		_I2C1_MasterFsm		CODE           	2CF4	0000	122
		_I2C1_MasterGetRxData		CODE           	36A4	0000	6
		_I2C1_MasterResetBus		CODE           	3634	0000	10
		_I2C1_MasterIsCountFlagSet		CODE           	3578	0000	22
		_I2C1_DO_SEND_ADR_READ		CODE           	320A	0000	46
		_I2C1_DO_RX_NACK_STOP		CODE           	35EC	0000	14

mcc_generated_files/i2c1_master.c estimated size: 2348

FSM.c
		_Iniciarlizar  		CODE           	267A	0000	262
		_lectura       		CODE           	10D2	0000	4572

FSM.c estimated size: 4834

mcc_generated_files/pin_manager.c
		_PIN_MANAGER_Initialize		CODE           	28E6	0000	168

mcc_generated_files/pin_manager.c estimated size: 168

mcc_generated_files/drivers/i2c_simple_master.c
		_i2c_readNBytes		CODE           	30A0	0000	70
		_wr1RegCompleteHandler		CODE           	3340	0000	44
		_wr2RegCompleteHandler		CODE           	32BC	0000	44
		_i2c_writeNBytes		CODE           	2F0A	0000	90
		_rdBlkRegCompleteHandler		CODE           	3054	0000	76
		_rd1RegCompleteHandler		CODE           	3314	0000	44
		_rd2RegCompleteHandler		CODE           	32E8	0000	44

mcc_generated_files/drivers/i2c_simple_master.c estimated size: 412

mcc_generated_files/uart1.c
		_UART1_SetFramingErrorHandler		CODE           	3648	0000	10
		_UART1_SetOverrunErrorHandler		CODE           	363E	0000	10
		_UART1_Initialize		CODE           	2E46	0000	104
		_UART1_SetErrorHandler		CODE           	3652	0000	10
		_UART1_Read    		CODE           	2ACE	0000	152
		_UART1_DefaultFramingErrorHandler		CODE           	36DA	0000	2
		_UART1_is_rx_ready		CODE           	358E	0000	22
		_UART1_DefaultErrorHandler		CODE           	36DC	0000	2
		_UART1_DefaultOverrunErrorHandler		CODE           	36D8	0000	2

mcc_generated_files/uart1.c estimated size: 314

shared
		__initialization		CODE           	31A6	0000	48
		_i2c1_fsmStateTable		SMALLCONST     	1001	0000	38

shared estimated size: 86

mcc_generated_files/mcc.c
		_PMD_Initialize		CODE           	3410	0000	36
		_OSCILLATOR_Initialize		CODE           	34DC	0000	24
		_SYSTEM_Initialize		CODE           	35A4	0000	22

mcc_generated_files/mcc.c estimated size: 82

cola.c
		_cola_add      		CODE           	2838	0000	174
		_cola_vacia    		CODE           	3128	0000	64
		_cola_llena    		CODE           	30E6	0000	66
		_cola_get      		CODE           	2780	0000	184
		_tam_cola      		CODE           	3492	0000	26
		_inicie_cola   		CODE           	3168	0000	62

cola.c estimated size: 576

main.c
		_main          		CODE           	22AE	0000	682

main.c estimated size: 682

